Archive member included to satisfy reference by file (symbol)

c:/st/stm32cubeide_1.12.1/stm32cubeide/plugins/com.st.stm32cube.ide.mcu.externaltools.gnu-tools-for-stm32.10.3-2021.10.win32_1.0.200.202301161003/tools/bin/../lib/gcc/arm-none-eabi/10.3.1/../../../../arm-none-eabi/lib/thumb/v7e-m+fp/hard\libc_nano.a(lib_a-errno.o)
                              ./Core/Src/syscalls.o (__errno)
c:/st/stm32cubeide_1.12.1/stm32cubeide/plugins/com.st.stm32cube.ide.mcu.externaltools.gnu-tools-for-stm32.10.3-2021.10.win32_1.0.200.202301161003/tools/bin/../lib/gcc/arm-none-eabi/10.3.1/../../../../arm-none-eabi/lib/thumb/v7e-m+fp/hard\libc_nano.a(lib_a-exit.o)
                              c:/st/stm32cubeide_1.12.1/stm32cubeide/plugins/com.st.stm32cube.ide.mcu.externaltools.gnu-tools-for-stm32.10.3-2021.10.win32_1.0.200.202301161003/tools/bin/../lib/gcc/arm-none-eabi/10.3.1/../../../../arm-none-eabi/lib/thumb/v7e-m+fp/hard/crt0.o (exit)
c:/st/stm32cubeide_1.12.1/stm32cubeide/plugins/com.st.stm32cube.ide.mcu.externaltools.gnu-tools-for-stm32.10.3-2021.10.win32_1.0.200.202301161003/tools/bin/../lib/gcc/arm-none-eabi/10.3.1/../../../../arm-none-eabi/lib/thumb/v7e-m+fp/hard\libc_nano.a(lib_a-impure.o)
                              c:/st/stm32cubeide_1.12.1/stm32cubeide/plugins/com.st.stm32cube.ide.mcu.externaltools.gnu-tools-for-stm32.10.3-2021.10.win32_1.0.200.202301161003/tools/bin/../lib/gcc/arm-none-eabi/10.3.1/../../../../arm-none-eabi/lib/thumb/v7e-m+fp/hard\libc_nano.a(lib_a-exit.o) (_global_impure_ptr)
c:/st/stm32cubeide_1.12.1/stm32cubeide/plugins/com.st.stm32cube.ide.mcu.externaltools.gnu-tools-for-stm32.10.3-2021.10.win32_1.0.200.202301161003/tools/bin/../lib/gcc/arm-none-eabi/10.3.1/../../../../arm-none-eabi/lib/thumb/v7e-m+fp/hard\libc_nano.a(lib_a-init.o)
                              c:/st/stm32cubeide_1.12.1/stm32cubeide/plugins/com.st.stm32cube.ide.mcu.externaltools.gnu-tools-for-stm32.10.3-2021.10.win32_1.0.200.202301161003/tools/bin/../lib/gcc/arm-none-eabi/10.3.1/../../../../arm-none-eabi/lib/thumb/v7e-m+fp/hard/crt0.o (__libc_init_array)
c:/st/stm32cubeide_1.12.1/stm32cubeide/plugins/com.st.stm32cube.ide.mcu.externaltools.gnu-tools-for-stm32.10.3-2021.10.win32_1.0.200.202301161003/tools/bin/../lib/gcc/arm-none-eabi/10.3.1/../../../../arm-none-eabi/lib/thumb/v7e-m+fp/hard\libc_nano.a(lib_a-memset.o)
                              c:/st/stm32cubeide_1.12.1/stm32cubeide/plugins/com.st.stm32cube.ide.mcu.externaltools.gnu-tools-for-stm32.10.3-2021.10.win32_1.0.200.202301161003/tools/bin/../lib/gcc/arm-none-eabi/10.3.1/../../../../arm-none-eabi/lib/thumb/v7e-m+fp/hard/crt0.o (memset)
c:/st/stm32cubeide_1.12.1/stm32cubeide/plugins/com.st.stm32cube.ide.mcu.externaltools.gnu-tools-for-stm32.10.3-2021.10.win32_1.0.200.202301161003/tools/bin/../lib/gcc/arm-none-eabi/10.3.1/thumb/v7e-m+fp/hard\libgcc.a(_aeabi_uldivmod.o)
                              ./Drivers/STM32F4xx_HAL_Driver/Src/stm32f4xx_hal_rcc.o (__aeabi_uldivmod)
c:/st/stm32cubeide_1.12.1/stm32cubeide/plugins/com.st.stm32cube.ide.mcu.externaltools.gnu-tools-for-stm32.10.3-2021.10.win32_1.0.200.202301161003/tools/bin/../lib/gcc/arm-none-eabi/10.3.1/thumb/v7e-m+fp/hard\libgcc.a(_udivmoddi4.o)
                              c:/st/stm32cubeide_1.12.1/stm32cubeide/plugins/com.st.stm32cube.ide.mcu.externaltools.gnu-tools-for-stm32.10.3-2021.10.win32_1.0.200.202301161003/tools/bin/../lib/gcc/arm-none-eabi/10.3.1/thumb/v7e-m+fp/hard\libgcc.a(_aeabi_uldivmod.o) (__udivmoddi4)
c:/st/stm32cubeide_1.12.1/stm32cubeide/plugins/com.st.stm32cube.ide.mcu.externaltools.gnu-tools-for-stm32.10.3-2021.10.win32_1.0.200.202301161003/tools/bin/../lib/gcc/arm-none-eabi/10.3.1/thumb/v7e-m+fp/hard\libgcc.a(_dvmd_tls.o)
                              c:/st/stm32cubeide_1.12.1/stm32cubeide/plugins/com.st.stm32cube.ide.mcu.externaltools.gnu-tools-for-stm32.10.3-2021.10.win32_1.0.200.202301161003/tools/bin/../lib/gcc/arm-none-eabi/10.3.1/thumb/v7e-m+fp/hard\libgcc.a(_aeabi_uldivmod.o) (__aeabi_ldiv0)

Discarded input sections

 .text          0x0000000000000000        0x0 c:/st/stm32cubeide_1.12.1/stm32cubeide/plugins/com.st.stm32cube.ide.mcu.externaltools.gnu-tools-for-stm32.10.3-2021.10.win32_1.0.200.202301161003/tools/bin/../lib/gcc/arm-none-eabi/10.3.1/thumb/v7e-m+fp/hard/crti.o
 .data          0x0000000000000000        0x0 c:/st/stm32cubeide_1.12.1/stm32cubeide/plugins/com.st.stm32cube.ide.mcu.externaltools.gnu-tools-for-stm32.10.3-2021.10.win32_1.0.200.202301161003/tools/bin/../lib/gcc/arm-none-eabi/10.3.1/thumb/v7e-m+fp/hard/crti.o
 .bss           0x0000000000000000        0x0 c:/st/stm32cubeide_1.12.1/stm32cubeide/plugins/com.st.stm32cube.ide.mcu.externaltools.gnu-tools-for-stm32.10.3-2021.10.win32_1.0.200.202301161003/tools/bin/../lib/gcc/arm-none-eabi/10.3.1/thumb/v7e-m+fp/hard/crti.o
[...]
Memory Configuration

Name             Origin             Length             Attributes
CCMRAM           0x0000000010000000 0x0000000000010000 xrw
RAM              0x0000000020000000 0x0000000000030000 xrw
FLASH            0x0000000008000000 0x0000000000200000 xr
*default*        0x0000000000000000 0xffffffffffffffff

Linker script and memory map

LOAD c:/st/stm32cubeide_1.12.1/stm32cubeide/plugins/com.st.stm32cube.ide.mcu.externaltools.gnu-tools-for-stm32.10.3-2021.10.win32_1.0.200.202301161003/tools/bin/../lib/gcc/arm-none-eabi/10.3.1/thumb/v7e-m+fp/hard/crti.o
LOAD c:/st/stm32cubeide_1.12.1/stm32cubeide/plugins/com.st.stm32cube.ide.mcu.externaltools.gnu-tools-for-stm32.10.3-2021.10.win32_1.0.200.202301161003/tools/bin/../lib/gcc/arm-none-eabi/10.3.1/thumb/v7e-m+fp/hard/crtbegin.o
LOAD c:/st/stm32cubeide_1.12.1/stm32cubeide/plugins/com.st.stm32cube.ide.mcu.externaltools.gnu-tools-for-stm32.10.3-2021.10.win32_1.0.200.202301161003/tools/bin/../lib/gcc/arm-none-eabi/10.3.1/../../../../arm-none-eabi/lib/thumb/v7e-m+fp/hard/crt0.o
LOAD ./Core/Src/main.o
LOAD ./Core/Src/stm32f4xx_hal_msp.o
LOAD ./Core/Src/stm32f4xx_it.o
LOAD ./Core/Src/syscalls.o
LOAD ./Core/Src/sysmem.o
LOAD ./Core/Src/system_stm32f4xx.o
LOAD ./Core/Startup/startup_stm32f429zitx.o
LOAD ./Drivers/BSP/Components/cs43l22/cs43l22.o
LOAD ./Drivers/BSP/Components/ili9325/ili9325.o
LOAD ./Drivers/BSP/Components/ili9341/ili9341.o
LOAD ./Drivers/BSP/Components/l3gd20/l3gd20.o
LOAD ./Drivers/BSP/Components/lis302dl/lis302dl.o
LOAD ./Drivers/BSP/Components/lis3dsh/lis3dsh.o
LOAD ./Drivers/BSP/Components/lsm303dlhc/lsm303dlhc.o
LOAD ./Drivers/BSP/Components/mfxstm32l152/mfxstm32l152.o
LOAD ./Drivers/BSP/Components/ov2640/ov2640.o
LOAD ./Drivers/BSP/Components/s5k5cag/s5k5cag.o
LOAD ./Drivers/BSP/Components/st7735/st7735.o
LOAD ./Drivers/BSP/Components/stmpe1600/stmpe1600.o
LOAD ./Drivers/BSP/Components/stmpe811/stmpe811.o
LOAD ./Drivers/BSP/Components/ts3510/ts3510.o
LOAD ./Drivers/BSP/Components/wm8994/wm8994.o
LOAD ./Drivers/BSP/STM32F429I-Discovery/stm32f429i_discovery.o
LOAD ./Drivers/BSP/STM32F429I-Discovery/stm32f429i_discovery_eeprom.o
LOAD ./Drivers/BSP/STM32F429I-Discovery/stm32f429i_discovery_gyroscope.o
LOAD ./Drivers/BSP/STM32F429I-Discovery/stm32f429i_discovery_io.o
LOAD ./Drivers/BSP/STM32F429I-Discovery/stm32f429i_discovery_lcd.o
LOAD ./Drivers/BSP/STM32F429I-Discovery/stm32f429i_discovery_sdram.o
LOAD ./Drivers/BSP/STM32F429I-Discovery/stm32f429i_discovery_ts.o
LOAD ./Drivers/STM32F4xx_HAL_Driver/Src/stm32f4xx_hal.o
LOAD ./Drivers/STM32F4xx_HAL_Driver/Src/stm32f4xx_hal_can.o
LOAD ./Drivers/STM32F4xx_HAL_Driver/Src/stm32f4xx_hal_cortex.o
LOAD ./Drivers/STM32F4xx_HAL_Driver/Src/stm32f4xx_hal_dma.o
LOAD ./Drivers/STM32F4xx_HAL_Driver/Src/stm32f4xx_hal_dma2d.o
LOAD ./Drivers/STM32F4xx_HAL_Driver/Src/stm32f4xx_hal_dma_ex.o
LOAD ./Drivers/STM32F4xx_HAL_Driver/Src/stm32f4xx_hal_dsi.o
LOAD ./Drivers/STM32F4xx_HAL_Driver/Src/stm32f4xx_hal_exti.o
LOAD ./Drivers/STM32F4xx_HAL_Driver/Src/stm32f4xx_hal_flash.o
LOAD ./Drivers/STM32F4xx_HAL_Driver/Src/stm32f4xx_hal_flash_ex.o
LOAD ./Drivers/STM32F4xx_HAL_Driver/Src/stm32f4xx_hal_flash_ramfunc.o
LOAD ./Drivers/STM32F4xx_HAL_Driver/Src/stm32f4xx_hal_gpio.o
LOAD ./Drivers/STM32F4xx_HAL_Driver/Src/stm32f4xx_hal_i2c.o
LOAD ./Drivers/STM32F4xx_HAL_Driver/Src/stm32f4xx_hal_i2c_ex.o
LOAD ./Drivers/STM32F4xx_HAL_Driver/Src/stm32f4xx_hal_ltdc.o
LOAD ./Drivers/STM32F4xx_HAL_Driver/Src/stm32f4xx_hal_ltdc_ex.o
LOAD ./Drivers/STM32F4xx_HAL_Driver/Src/stm32f4xx_hal_pwr.o
LOAD ./Drivers/STM32F4xx_HAL_Driver/Src/stm32f4xx_hal_pwr_ex.o
LOAD ./Drivers/STM32F4xx_HAL_Driver/Src/stm32f4xx_hal_rcc.o
LOAD ./Drivers/STM32F4xx_HAL_Driver/Src/stm32f4xx_hal_rcc_ex.o
LOAD ./Drivers/STM32F4xx_HAL_Driver/Src/stm32f4xx_hal_sdram.o
LOAD ./Drivers/STM32F4xx_HAL_Driver/Src/stm32f4xx_hal_spi.o
LOAD ./Drivers/STM32F4xx_HAL_Driver/Src/stm32f4xx_hal_tim.o
LOAD ./Drivers/STM32F4xx_HAL_Driver/Src/stm32f4xx_hal_tim_ex.o
LOAD ./Drivers/STM32F4xx_HAL_Driver/Src/stm32f4xx_hal_uart.o
LOAD ./Drivers/STM32F4xx_HAL_Driver/Src/stm32f4xx_ll_fmc.o
START GROUP
LOAD c:/st/stm32cubeide_1.12.1/stm32cubeide/plugins/com.st.stm32cube.ide.mcu.externaltools.gnu-tools-for-stm32.10.3-2021.10.win32_1.0.200.202301161003/tools/bin/../lib/gcc/arm-none-eabi/10.3.1/../../../../arm-none-eabi/lib/thumb/v7e-m+fp/hard\libc_nano.a
LOAD c:/st/stm32cubeide_1.12.1/stm32cubeide/plugins/com.st.stm32cube.ide.mcu.externaltools.gnu-tools-for-stm32.10.3-2021.10.win32_1.0.200.202301161003/tools/bin/../lib/gcc/arm-none-eabi/10.3.1/../../../../arm-none-eabi/lib/thumb/v7e-m+fp/hard\libm.a
END GROUP
START GROUP
LOAD c:/st/stm32cubeide_1.12.1/stm32cubeide/plugins/com.st.stm32cube.ide.mcu.externaltools.gnu-tools-for-stm32.10.3-2021.10.win32_1.0.200.202301161003/tools/bin/../lib/gcc/arm-none-eabi/10.3.1/thumb/v7e-m+fp/hard\libgcc.a
LOAD c:/st/stm32cubeide_1.12.1/stm32cubeide/plugins/com.st.stm32cube.ide.mcu.externaltools.gnu-tools-for-stm32.10.3-2021.10.win32_1.0.200.202301161003/tools/bin/../lib/gcc/arm-none-eabi/10.3.1/../../../../arm-none-eabi/lib/thumb/v7e-m+fp/hard\libc_nano.a
END GROUP
START GROUP
LOAD c:/st/stm32cubeide_1.12.1/stm32cubeide/plugins/com.st.stm32cube.ide.mcu.externaltools.gnu-tools-for-stm32.10.3-2021.10.win32_1.0.200.202301161003/tools/bin/../lib/gcc/arm-none-eabi/10.3.1/thumb/v7e-m+fp/hard\libgcc.a
LOAD c:/st/stm32cubeide_1.12.1/stm32cubeide/plugins/com.st.stm32cube.ide.mcu.externaltools.gnu-tools-for-stm32.10.3-2021.10.win32_1.0.200.202301161003/tools/bin/../lib/gcc/arm-none-eabi/10.3.1/../../../../arm-none-eabi/lib/thumb/v7e-m+fp/hard\libc_nano.a
LOAD c:/st/stm32cubeide_1.12.1/stm32cubeide/plugins/com.st.stm32cube.ide.mcu.externaltools.gnu-tools-for-stm32.10.3-2021.10.win32_1.0.200.202301161003/tools/bin/../lib/gcc/arm-none-eabi/10.3.1/../../../../arm-none-eabi/lib/thumb/v7e-m+fp/hard\libnosys.a
END GROUP
START GROUP
LOAD c:/st/stm32cubeide_1.12.1/stm32cubeide/plugins/com.st.stm32cube.ide.mcu.externaltools.gnu-tools-for-stm32.10.3-2021.10.win32_1.0.200.202301161003/tools/bin/../lib/gcc/arm-none-eabi/10.3.1/thumb/v7e-m+fp/hard\libgcc.a
LOAD c:/st/stm32cubeide_1.12.1/stm32cubeide/plugins/com.st.stm32cube.ide.mcu.externaltools.gnu-tools-for-stm32.10.3-2021.10.win32_1.0.200.202301161003/tools/bin/../lib/gcc/arm-none-eabi/10.3.1/../../../../arm-none-eabi/lib/thumb/v7e-m+fp/hard\libc_nano.a
LOAD c:/st/stm32cubeide_1.12.1/stm32cubeide/plugins/com.st.stm32cube.ide.mcu.externaltools.gnu-tools-for-stm32.10.3-2021.10.win32_1.0.200.202301161003/tools/bin/../lib/gcc/arm-none-eabi/10.3.1/../../../../arm-none-eabi/lib/thumb/v7e-m+fp/hard\libnosys.a
END GROUP
LOAD c:/st/stm32cubeide_1.12.1/stm32cubeide/plugins/com.st.stm32cube.ide.mcu.externaltools.gnu-tools-for-stm32.10.3-2021.10.win32_1.0.200.202301161003/tools/bin/../lib/gcc/arm-none-eabi/10.3.1/thumb/v7e-m+fp/hard/crtend.o
LOAD c:/st/stm32cubeide_1.12.1/stm32cubeide/plugins/com.st.stm32cube.ide.mcu.externaltools.gnu-tools-for-stm32.10.3-2021.10.win32_1.0.200.202301161003/tools/bin/../lib/gcc/arm-none-eabi/10.3.1/thumb/v7e-m+fp/hard/crtn.o
                0x0000000020030000                _estack = (ORIGIN (RAM) + LENGTH (RAM))
                0x0000000000000200                _Min_Heap_Size = 0x200
                0x0000000000000400                _Min_Stack_Size = 0x400

.isr_vector     0x0000000008000000      0x1ac
                0x0000000008000000                . = ALIGN (0x4)
 *(.isr_vector)
 .isr_vector    0x0000000008000000      0x1ac ./Core/Startup/startup_stm32f429zitx.o
                0x0000000008000000                g_pfnVectors
                0x00000000080001ac                . = ALIGN (0x4)

.text           0x00000000080001ac     0x733c
                0x00000000080001ac                . = ALIGN (0x4)
 *(.text)
 .text          0x00000000080001ac       0x40 c:/st/stm32cubeide_1.12.1/stm32cubeide/plugins/com.st.stm32cube.ide.mcu.externaltools.gnu-tools-for-stm32.10.3-2021.10.win32_1.0.200.202301161003/tools/bin/../lib/gcc/arm-none-eabi/10.3.1/thumb/v7e-m+fp/hard/crtbegin.o
 .text          0x00000000080001ec       0x30 c:/st/stm32cubeide_1.12.1/stm32cubeide/plugins/com.st.stm32cube.ide.mcu.externaltools.gnu-tools-for-stm32.10.3-2021.10.win32_1.0.200.202301161003/tools/bin/../lib/gcc/arm-none-eabi/10.3.1/thumb/v7e-m+fp/hard\libgcc.a(_aeabi_uldivmod.o)
                0x00000000080001ec                __aeabi_uldivmod
 .text          0x000000000800021c      0x2d0 c:/st/stm32cubeide_1.12.1/stm32cubeide/plugins/com.st.stm32cube.ide.mcu.externaltools.gnu-tools-for-stm32.10.3-2021.10.win32_1.0.200.202301161003/tools/bin/../lib/gcc/arm-none-eabi/10.3.1/thumb/v7e-m+fp/hard\libgcc.a(_udivmoddi4.o)
                0x000000000800021c                __udivmoddi4
 .text          0x00000000080004ec        0x4 c:/st/stm32cubeide_1.12.1/stm32cubeide/plugins/com.st.stm32cube.ide.mcu.externaltools.gnu-tools-for-stm32.10.3-2021.10.win32_1.0.200.202301161003/tools/bin/../lib/gcc/arm-none-eabi/10.3.1/thumb/v7e-m+fp/hard\libgcc.a(_dvmd_tls.o)
                0x00000000080004ec                __aeabi_idiv0
                0x00000000080004ec                __aeabi_ldiv0
 *(.text*)
 .text.HAL_CAN_RxFifo0MsgPendingCallback
                0x00000000080004f0       0x28 ./Core/Src/main.o
                0x00000000080004f0                HAL_CAN_RxFifo0MsgPendingCallback
 .text.main     0x0000000008000518       0xfc ./Core/Src/main.o
                0x0000000008000518                main
 .text.SystemClock_Config
                0x0000000008000614       0xe0 ./Core/Src/main.o
                0x0000000008000614                SystemClock_Config
 .text.MX_CAN2_Init
                0x00000000080006f4       0xa8 ./Core/Src/main.o
 .text.MX_DMA2D_Init
                0x000000000800079c       0x64 ./Core/Src/main.o
 .text.MX_I2C3_Init
                0x0000000008000800       0x80 ./Core/Src/main.o
 .text.MX_LTDC_Init
                0x0000000008000880      0x164 ./Core/Src/main.o
 .text.MX_SPI5_Init
                0x00000000080009e4       0x6c ./Core/Src/main.o
 .text.MX_USART1_UART_Init
                0x0000000008000a50       0x54 ./Core/Src/main.o
 .text.MX_FMC_Init
                0x0000000008000aa4       0xa0 ./Core/Src/main.o
 .text.MX_GPIO_Init
                0x0000000008000b44       0xf8 ./Core/Src/main.o
 .text.Error_Handler
                0x0000000008000c3c        0xa ./Core/Src/main.o
                0x0000000008000c3c                Error_Handler
 *fill*         0x0000000008000c46        0x2 
 .text.HAL_MspInit
                0x0000000008000c48       0x50 ./Core/Src/stm32f4xx_hal_msp.o
                0x0000000008000c48                HAL_MspInit
 .text.HAL_CAN_MspInit
                0x0000000008000c98       0xcc ./Core/Src/stm32f4xx_hal_msp.o
                0x0000000008000c98                HAL_CAN_MspInit
 .text.HAL_DMA2D_MspInit
                0x0000000008000d64       0x50 ./Core/Src/stm32f4xx_hal_msp.o
                0x0000000008000d64                HAL_DMA2D_MspInit
 .text.HAL_I2C_MspInit
                0x0000000008000db4       0xd4 ./Core/Src/stm32f4xx_hal_msp.o
                0x0000000008000db4                HAL_I2C_MspInit
 .text.HAL_LTDC_MspInit
                0x0000000008000e88      0x270 ./Core/Src/stm32f4xx_hal_msp.o
                0x0000000008000e88                HAL_LTDC_MspInit
 .text.HAL_SPI_MspInit
                0x00000000080010f8       0x90 ./Core/Src/stm32f4xx_hal_msp.o
                0x00000000080010f8                HAL_SPI_MspInit
 .text.HAL_SPI_MspDeInit
                0x0000000008001188       0x3c ./Core/Src/stm32f4xx_hal_msp.o
                0x0000000008001188                HAL_SPI_MspDeInit
 .text.HAL_UART_MspInit
                0x00000000080011c4       0x90 ./Core/Src/stm32f4xx_hal_msp.o
                0x00000000080011c4                HAL_UART_MspInit
 .text.HAL_FMC_MspInit
                0x0000000008001254      0x124 ./Core/Src/stm32f4xx_hal_msp.o
 .text.HAL_SDRAM_MspInit
                0x0000000008001378       0x14 ./Core/Src/stm32f4xx_hal_msp.o
                0x0000000008001378                HAL_SDRAM_MspInit
 .text.NMI_Handler
                0x000000000800138c        0x6 ./Core/Src/stm32f4xx_it.o
                0x000000000800138c                NMI_Handler
 .text.HardFault_Handler
                0x0000000008001392        0x6 ./Core/Src/stm32f4xx_it.o
                0x0000000008001392                HardFault_Handler
 .text.MemManage_Handler
                0x0000000008001398        0x6 ./Core/Src/stm32f4xx_it.o
                0x0000000008001398                MemManage_Handler
 .text.BusFault_Handler
                0x000000000800139e        0x6 ./Core/Src/stm32f4xx_it.o
                0x000000000800139e                BusFault_Handler
 .text.UsageFault_Handler
                0x00000000080013a4        0x6 ./Core/Src/stm32f4xx_it.o
                0x00000000080013a4                UsageFault_Handler
 .text.SVC_Handler
                0x00000000080013aa        0xe ./Core/Src/stm32f4xx_it.o
                0x00000000080013aa                SVC_Handler
 .text.DebugMon_Handler
                0x00000000080013b8        0xe ./Core/Src/stm32f4xx_it.o
                0x00000000080013b8                DebugMon_Handler
 .text.PendSV_Handler
                0x00000000080013c6        0xe ./Core/Src/stm32f4xx_it.o
                0x00000000080013c6                PendSV_Handler
 .text.SysTick_Handler
                0x00000000080013d4        0xc ./Core/Src/stm32f4xx_it.o
                0x00000000080013d4                SysTick_Handler
 .text.CAN2_RX0_IRQHandler
                0x00000000080013e0       0x14 ./Core/Src/stm32f4xx_it.o
                0x00000000080013e0                CAN2_RX0_IRQHandler
 .text.CAN2_RX1_IRQHandler
                0x00000000080013f4       0x14 ./Core/Src/stm32f4xx_it.o
                0x00000000080013f4                CAN2_RX1_IRQHandler
 .text.LTDC_IRQHandler
                0x0000000008001408       0x14 ./Core/Src/stm32f4xx_it.o
                0x0000000008001408                LTDC_IRQHandler
 .text.LTDC_ER_IRQHandler
                0x000000000800141c       0x14 ./Core/Src/stm32f4xx_it.o
                0x000000000800141c                LTDC_ER_IRQHandler
 .text.DMA2D_IRQHandler
                0x0000000008001430       0x14 ./Core/Src/stm32f4xx_it.o
                0x0000000008001430                DMA2D_IRQHandler
 .text.SystemInit
                0x0000000008001444       0x24 ./Core/Src/system_stm32f4xx.o
                0x0000000008001444                SystemInit
 .text.Reset_Handler
                0x0000000008001468       0x50 ./Core/Startup/startup_stm32f429zitx.o
                0x0000000008001468                Reset_Handler
 .text.Default_Handler
                0x00000000080014b8        0x2 ./Core/Startup/startup_stm32f429zitx.o
                0x00000000080014b8                RTC_Alarm_IRQHandler
                0x00000000080014b8                HASH_RNG_IRQHandler
                0x00000000080014b8                EXTI2_IRQHandler
                0x00000000080014b8                TIM8_CC_IRQHandler
                0x00000000080014b8                UART8_IRQHandler
                0x00000000080014b8                SPI4_IRQHandler
                0x00000000080014b8                TIM1_CC_IRQHandler
                0x00000000080014b8                DMA2_Stream5_IRQHandler
                0x00000000080014b8                DMA1_Stream5_IRQHandler
                0x00000000080014b8                PVD_IRQHandler
                0x00000000080014b8                SDIO_IRQHandler
                0x00000000080014b8                TAMP_STAMP_IRQHandler
                0x00000000080014b8                EXTI3_IRQHandler
                0x00000000080014b8                TIM8_TRG_COM_TIM14_IRQHandler
                0x00000000080014b8                TIM1_UP_TIM10_IRQHandler
                0x00000000080014b8                TIM8_UP_TIM13_IRQHandler
                0x00000000080014b8                I2C3_ER_IRQHandler
                0x00000000080014b8                EXTI0_IRQHandler
                0x00000000080014b8                I2C2_EV_IRQHandler
                0x00000000080014b8                DMA1_Stream2_IRQHandler
                0x00000000080014b8                CAN1_RX0_IRQHandler
                0x00000000080014b8                FPU_IRQHandler
                0x00000000080014b8                OTG_HS_WKUP_IRQHandler
                0x00000000080014b8                CAN2_SCE_IRQHandler
                0x00000000080014b8                DMA2_Stream2_IRQHandler
                0x00000000080014b8                SPI1_IRQHandler
                0x00000000080014b8                TIM6_DAC_IRQHandler
                0x00000000080014b8                TIM1_BRK_TIM9_IRQHandler
                0x00000000080014b8                DCMI_IRQHandler
                0x00000000080014b8                DMA2_Stream3_IRQHandler
                0x00000000080014b8                USART6_IRQHandler
                0x00000000080014b8                USART3_IRQHandler
                0x00000000080014b8                CAN1_RX1_IRQHandler
                0x00000000080014b8                UART5_IRQHandler
                0x00000000080014b8                DMA2_Stream0_IRQHandler
                0x00000000080014b8                TIM4_IRQHandler
                0x00000000080014b8                I2C1_EV_IRQHandler
                0x00000000080014b8                DMA1_Stream6_IRQHandler
                0x00000000080014b8                DMA1_Stream1_IRQHandler
                0x00000000080014b8                UART4_IRQHandler
                0x00000000080014b8                TIM3_IRQHandler
                0x00000000080014b8                RCC_IRQHandler
                0x00000000080014b8                TIM8_BRK_TIM12_IRQHandler
                0x00000000080014b8                Default_Handler
                0x00000000080014b8                EXTI15_10_IRQHandler
                0x00000000080014b8                ADC_IRQHandler
                0x00000000080014b8                DMA1_Stream7_IRQHandler
                0x00000000080014b8                SPI5_IRQHandler
                0x00000000080014b8                TIM7_IRQHandler
                0x00000000080014b8                CAN2_TX_IRQHandler
                0x00000000080014b8                TIM5_IRQHandler
                0x00000000080014b8                DMA2_Stream7_IRQHandler
                0x00000000080014b8                I2C3_EV_IRQHandler
                0x00000000080014b8                EXTI9_5_IRQHandler
                0x00000000080014b8                RTC_WKUP_IRQHandler
                0x00000000080014b8                ETH_WKUP_IRQHandler
                0x00000000080014b8                SPI2_IRQHandler
                0x00000000080014b8                OTG_HS_EP1_IN_IRQHandler
                0x00000000080014b8                DMA1_Stream0_IRQHandler
                0x00000000080014b8                CAN1_TX_IRQHandler
                0x00000000080014b8                EXTI4_IRQHandler
                0x00000000080014b8                ETH_IRQHandler
                0x00000000080014b8                OTG_HS_EP1_OUT_IRQHandler
                0x00000000080014b8                WWDG_IRQHandler
                0x00000000080014b8                SPI6_IRQHandler
                0x00000000080014b8                TIM2_IRQHandler
                0x00000000080014b8                OTG_FS_WKUP_IRQHandler
                0x00000000080014b8                TIM1_TRG_COM_TIM11_IRQHandler
                0x00000000080014b8                OTG_HS_IRQHandler
                0x00000000080014b8                EXTI1_IRQHandler
                0x00000000080014b8                UART7_IRQHandler
                0x00000000080014b8                USART2_IRQHandler
                0x00000000080014b8                I2C2_ER_IRQHandler
                0x00000000080014b8                DMA2_Stream1_IRQHandler
                0x00000000080014b8                CAN1_SCE_IRQHandler
                0x00000000080014b8                FLASH_IRQHandler
                0x00000000080014b8                DMA2_Stream4_IRQHandler
                0x00000000080014b8                USART1_IRQHandler
                0x00000000080014b8                OTG_FS_IRQHandler
                0x00000000080014b8                SPI3_IRQHandler
                0x00000000080014b8                DMA1_Stream4_IRQHandler
                0x00000000080014b8                I2C1_ER_IRQHandler
                0x00000000080014b8                FMC_IRQHandler
                0x00000000080014b8                DMA2_Stream6_IRQHandler
                0x00000000080014b8                SAI1_IRQHandler
                0x00000000080014b8                DMA1_Stream3_IRQHandler
 .text.ili9341_Init
                0x00000000080014ba      0x294 ./Drivers/BSP/Components/ili9341/ili9341.o
                0x00000000080014ba                ili9341_Init
 .text.ili9341_ReadID
                0x000000000800174e       0x18 ./Drivers/BSP/Components/ili9341/ili9341.o
                0x000000000800174e                ili9341_ReadID
 .text.ili9341_DisplayOn
                0x0000000008001766        0xe ./Drivers/BSP/Components/ili9341/ili9341.o
                0x0000000008001766                ili9341_DisplayOn
 .text.ili9341_DisplayOff
                0x0000000008001774        0xe ./Drivers/BSP/Components/ili9341/ili9341.o
                0x0000000008001774                ili9341_DisplayOff
 .text.ili9341_WriteReg
                0x0000000008001782       0x1a ./Drivers/BSP/Components/ili9341/ili9341.o
                0x0000000008001782                ili9341_WriteReg
 .text.ili9341_WriteData
                0x000000000800179c       0x1a ./Drivers/BSP/Components/ili9341/ili9341.o
                0x000000000800179c                ili9341_WriteData
 .text.ili9341_ReadData
                0x00000000080017b6       0x26 ./Drivers/BSP/Components/ili9341/ili9341.o
                0x00000000080017b6                ili9341_ReadData
 .text.ili9341_GetLcdPixelWidth
                0x00000000080017dc       0x10 ./Drivers/BSP/Components/ili9341/ili9341.o
                0x00000000080017dc                ili9341_GetLcdPixelWidth
 .text.ili9341_GetLcdPixelHeight
                0x00000000080017ec       0x12 ./Drivers/BSP/Components/ili9341/ili9341.o
                0x00000000080017ec                ili9341_GetLcdPixelHeight
 *fill*         0x00000000080017fe        0x2 
 .text.SPIx_Init
                0x0000000008001800       0x74 ./Drivers/BSP/STM32F429I-Discovery/stm32f429i_discovery.o
 .text.SPIx_Read
                0x0000000008001874       0x40 ./Drivers/BSP/STM32F429I-Discovery/stm32f429i_discovery.o
 .text.SPIx_Write
                0x00000000080018b4       0x3c ./Drivers/BSP/STM32F429I-Discovery/stm32f429i_discovery.o
 .text.SPIx_Error
                0x00000000080018f0       0x18 ./Drivers/BSP/STM32F429I-Discovery/stm32f429i_discovery.o
 .text.SPIx_MspInit
                0x0000000008001908       0x74 ./Drivers/BSP/STM32F429I-Discovery/stm32f429i_discovery.o
 .text.LCD_IO_Init
                0x000000000800197c       0xf0 ./Drivers/BSP/STM32F429I-Discovery/stm32f429i_discovery.o
                0x000000000800197c                LCD_IO_Init
 .text.LCD_IO_WriteData
                0x0000000008001a6c       0x44 ./Drivers/BSP/STM32F429I-Discovery/stm32f429i_discovery.o
                0x0000000008001a6c                LCD_IO_WriteData
 .text.LCD_IO_WriteReg
                0x0000000008001ab0       0x44 ./Drivers/BSP/STM32F429I-Discovery/stm32f429i_discovery.o
                0x0000000008001ab0                LCD_IO_WriteReg
 .text.LCD_IO_ReadData
                0x0000000008001af4       0x64 ./Drivers/BSP/STM32F429I-Discovery/stm32f429i_discovery.o
                0x0000000008001af4                LCD_IO_ReadData
 .text.LCD_Delay
                0x0000000008001b58       0x16 ./Drivers/BSP/STM32F429I-Discovery/stm32f429i_discovery.o
                0x0000000008001b58                LCD_Delay
 *fill*         0x0000000008001b6e        0x2 
 .text.BSP_LCD_Init
                0x0000000008001b70       0xd4 ./Drivers/BSP/STM32F429I-Discovery/stm32f429i_discovery_lcd.o
                0x0000000008001b70                BSP_LCD_Init
 .text.BSP_LCD_GetXSize
                0x0000000008001c44       0x18 ./Drivers/BSP/STM32F429I-Discovery/stm32f429i_discovery_lcd.o
                0x0000000008001c44                BSP_LCD_GetXSize
 .text.BSP_LCD_GetYSize
                0x0000000008001c5c       0x18 ./Drivers/BSP/STM32F429I-Discovery/stm32f429i_discovery_lcd.o
                0x0000000008001c5c                BSP_LCD_GetYSize
 .text.BSP_LCD_LayerDefaultInit
                0x0000000008001c74       0xc8 ./Drivers/BSP/STM32F429I-Discovery/stm32f429i_discovery_lcd.o
                0x0000000008001c74                BSP_LCD_LayerDefaultInit
 .text.BSP_LCD_SelectLayer
                0x0000000008001d3c       0x20 ./Drivers/BSP/STM32F429I-Discovery/stm32f429i_discovery_lcd.o
                0x0000000008001d3c                BSP_LCD_SelectLayer
 .text.BSP_LCD_SetTextColor
                0x0000000008001d5c       0x30 ./Drivers/BSP/STM32F429I-Discovery/stm32f429i_discovery_lcd.o
                0x0000000008001d5c                BSP_LCD_SetTextColor
 .text.BSP_LCD_SetFont
                0x0000000008001d8c       0x34 ./Drivers/BSP/STM32F429I-Discovery/stm32f429i_discovery_lcd.o
                0x0000000008001d8c                BSP_LCD_SetFont
 .text.BSP_LCD_Clear
                0x0000000008001dc0       0x50 ./Drivers/BSP/STM32F429I-Discovery/stm32f429i_discovery_lcd.o
                0x0000000008001dc0                BSP_LCD_Clear
 .text.BSP_LCD_DisplayChar
                0x0000000008001e10       0x88 ./Drivers/BSP/STM32F429I-Discovery/stm32f429i_discovery_lcd.o
                0x0000000008001e10                BSP_LCD_DisplayChar
 .text.BSP_LCD_DisplayStringAt
                0x0000000008001e98      0x17c ./Drivers/BSP/STM32F429I-Discovery/stm32f429i_discovery_lcd.o
                0x0000000008001e98                BSP_LCD_DisplayStringAt
 .text.BSP_LCD_DisplayOn
                0x0000000008002014       0x20 ./Drivers/BSP/STM32F429I-Discovery/stm32f429i_discovery_lcd.o
                0x0000000008002014                BSP_LCD_DisplayOn
 .text.MspInit  0x0000000008002034      0x1ac ./Drivers/BSP/STM32F429I-Discovery/stm32f429i_discovery_lcd.o
 .text.BSP_LCD_DrawPixel
                0x00000000080021e0       0x4c ./Drivers/BSP/STM32F429I-Discovery/stm32f429i_discovery_lcd.o
                0x00000000080021e0                BSP_LCD_DrawPixel
 .text.DrawChar
                0x000000000800222c      0x174 ./Drivers/BSP/STM32F429I-Discovery/stm32f429i_discovery_lcd.o
 .text.FillBuffer
                0x00000000080023a0       0x70 ./Drivers/BSP/STM32F429I-Discovery/stm32f429i_discovery_lcd.o
 .text.BSP_SDRAM_Init
                0x0000000008002410       0x9c ./Drivers/BSP/STM32F429I-Discovery/stm32f429i_discovery_sdram.o
                0x0000000008002410                BSP_SDRAM_Init
 .text.BSP_SDRAM_Initialization_sequence
                0x00000000080024ac       0xc0 ./Drivers/BSP/STM32F429I-Discovery/stm32f429i_discovery_sdram.o
                0x00000000080024ac                BSP_SDRAM_Initialization_sequence
 .text.MspInit  0x000000000800256c      0x214 ./Drivers/BSP/STM32F429I-Discovery/stm32f429i_discovery_sdram.o
 .text.HAL_Init
                0x0000000008002780       0x44 ./Drivers/STM32F4xx_HAL_Driver/Src/stm32f4xx_hal.o
                0x0000000008002780                HAL_Init
 .text.HAL_InitTick
                0x00000000080027c4       0x60 ./Drivers/STM32F4xx_HAL_Driver/Src/stm32f4xx_hal.o
                0x00000000080027c4                HAL_InitTick
 .text.HAL_IncTick
                0x0000000008002824       0x28 ./Drivers/STM32F4xx_HAL_Driver/Src/stm32f4xx_hal.o
                0x0000000008002824                HAL_IncTick
 .text.HAL_GetTick
                0x000000000800284c       0x18 ./Drivers/STM32F4xx_HAL_Driver/Src/stm32f4xx_hal.o
                0x000000000800284c                HAL_GetTick
 .text.HAL_Delay
                0x0000000008002864       0x48 ./Drivers/STM32F4xx_HAL_Driver/Src/stm32f4xx_hal.o
                0x0000000008002864                HAL_Delay
 .text.HAL_CAN_Init
                0x00000000080028ac      0x1f6 ./Drivers/STM32F4xx_HAL_Driver/Src/stm32f4xx_hal_can.o
                0x00000000080028ac                HAL_CAN_Init
 *fill*         0x0000000008002aa2        0x2 
 .text.HAL_CAN_ConfigFilter
                0x0000000008002aa4      0x1c0 ./Drivers/STM32F4xx_HAL_Driver/Src/stm32f4xx_hal_can.o
                0x0000000008002aa4                HAL_CAN_ConfigFilter
 .text.HAL_CAN_Start
                0x0000000008002c64       0x88 ./Drivers/STM32F4xx_HAL_Driver/Src/stm32f4xx_hal_can.o
                0x0000000008002c64                HAL_CAN_Start
 .text.HAL_CAN_AddTxMessage
                0x0000000008002cec      0x1b6 ./Drivers/STM32F4xx_HAL_Driver/Src/stm32f4xx_hal_can.o
                0x0000000008002cec                HAL_CAN_AddTxMessage
 .text.HAL_CAN_GetRxMessage
                0x0000000008002ea2      0x224 ./Drivers/STM32F4xx_HAL_Driver/Src/stm32f4xx_hal_can.o
                0x0000000008002ea2                HAL_CAN_GetRxMessage
 .text.HAL_CAN_ActivateNotification
                0x00000000080030c6       0x4c ./Drivers/STM32F4xx_HAL_Driver/Src/stm32f4xx_hal_can.o
                0x00000000080030c6                HAL_CAN_ActivateNotification
 .text.HAL_CAN_IRQHandler
                0x0000000008003112      0x36e ./Drivers/STM32F4xx_HAL_Driver/Src/stm32f4xx_hal_can.o
                0x0000000008003112                HAL_CAN_IRQHandler
 .text.HAL_CAN_TxMailbox0CompleteCallback
                0x0000000008003480       0x14 ./Drivers/STM32F4xx_HAL_Driver/Src/stm32f4xx_hal_can.o
                0x0000000008003480                HAL_CAN_TxMailbox0CompleteCallback
 .text.HAL_CAN_TxMailbox1CompleteCallback
                0x0000000008003494       0x14 ./Drivers/STM32F4xx_HAL_Driver/Src/stm32f4xx_hal_can.o
                0x0000000008003494                HAL_CAN_TxMailbox1CompleteCallback
 .text.HAL_CAN_TxMailbox2CompleteCallback
                0x00000000080034a8       0x14 ./Drivers/STM32F4xx_HAL_Driver/Src/stm32f4xx_hal_can.o
                0x00000000080034a8                HAL_CAN_TxMailbox2CompleteCallback
 .text.HAL_CAN_TxMailbox0AbortCallback
                0x00000000080034bc       0x14 ./Drivers/STM32F4xx_HAL_Driver/Src/stm32f4xx_hal_can.o
                0x00000000080034bc                HAL_CAN_TxMailbox0AbortCallback
 .text.HAL_CAN_TxMailbox1AbortCallback
                0x00000000080034d0       0x14 ./Drivers/STM32F4xx_HAL_Driver/Src/stm32f4xx_hal_can.o
                0x00000000080034d0                HAL_CAN_TxMailbox1AbortCallback
 .text.HAL_CAN_TxMailbox2AbortCallback
                0x00000000080034e4       0x14 ./Drivers/STM32F4xx_HAL_Driver/Src/stm32f4xx_hal_can.o
                0x00000000080034e4                HAL_CAN_TxMailbox2AbortCallback
 .text.HAL_CAN_RxFifo0FullCallback
                0x00000000080034f8       0x14 ./Drivers/STM32F4xx_HAL_Driver/Src/stm32f4xx_hal_can.o
                0x00000000080034f8                HAL_CAN_RxFifo0FullCallback
 .text.HAL_CAN_RxFifo1MsgPendingCallback
                0x000000000800350c       0x14 ./Drivers/STM32F4xx_HAL_Driver/Src/stm32f4xx_hal_can.o
                0x000000000800350c                HAL_CAN_RxFifo1MsgPendingCallback
 .text.HAL_CAN_RxFifo1FullCallback
                0x0000000008003520       0x14 ./Drivers/STM32F4xx_HAL_Driver/Src/stm32f4xx_hal_can.o
                0x0000000008003520                HAL_CAN_RxFifo1FullCallback
 .text.HAL_CAN_SleepCallback
                0x0000000008003534       0x14 ./Drivers/STM32F4xx_HAL_Driver/Src/stm32f4xx_hal_can.o
                0x0000000008003534                HAL_CAN_SleepCallback
 .text.HAL_CAN_WakeUpFromRxMsgCallback
                0x0000000008003548       0x14 ./Drivers/STM32F4xx_HAL_Driver/Src/stm32f4xx_hal_can.o
                0x0000000008003548                HAL_CAN_WakeUpFromRxMsgCallback
 .text.HAL_CAN_ErrorCallback
                0x000000000800355c       0x14 ./Drivers/STM32F4xx_HAL_Driver/Src/stm32f4xx_hal_can.o
                0x000000000800355c                HAL_CAN_ErrorCallback
 .text.__NVIC_SetPriorityGrouping
                0x0000000008003570       0x48 ./Drivers/STM32F4xx_HAL_Driver/Src/stm32f4xx_hal_cortex.o
 .text.__NVIC_GetPriorityGrouping
                0x00000000080035b8       0x1c ./Drivers/STM32F4xx_HAL_Driver/Src/stm32f4xx_hal_cortex.o
 .text.__NVIC_EnableIRQ
                0x00000000080035d4       0x3c ./Drivers/STM32F4xx_HAL_Driver/Src/stm32f4xx_hal_cortex.o
 .text.__NVIC_SetPriority
                0x0000000008003610       0x54 ./Drivers/STM32F4xx_HAL_Driver/Src/stm32f4xx_hal_cortex.o
 .text.NVIC_EncodePriority
                0x0000000008003664       0x66 ./Drivers/STM32F4xx_HAL_Driver/Src/stm32f4xx_hal_cortex.o
 *fill*         0x00000000080036ca        0x2 
 .text.SysTick_Config
                0x00000000080036cc       0x44 ./Drivers/STM32F4xx_HAL_Driver/Src/stm32f4xx_hal_cortex.o
 .text.HAL_NVIC_SetPriorityGrouping
                0x0000000008003710       0x16 ./Drivers/STM32F4xx_HAL_Driver/Src/stm32f4xx_hal_cortex.o
                0x0000000008003710                HAL_NVIC_SetPriorityGrouping
 .text.HAL_NVIC_SetPriority
                0x0000000008003726       0x38 ./Drivers/STM32F4xx_HAL_Driver/Src/stm32f4xx_hal_cortex.o
                0x0000000008003726                HAL_NVIC_SetPriority
 .text.HAL_NVIC_EnableIRQ
                0x000000000800375e       0x1c ./Drivers/STM32F4xx_HAL_Driver/Src/stm32f4xx_hal_cortex.o
                0x000000000800375e                HAL_NVIC_EnableIRQ
 .text.HAL_SYSTICK_Config
                0x000000000800377a       0x18 ./Drivers/STM32F4xx_HAL_Driver/Src/stm32f4xx_hal_cortex.o
                0x000000000800377a                HAL_SYSTICK_Config
 *fill*         0x0000000008003792        0x2 
 .text.HAL_DMA_Init
                0x0000000008003794      0x15c ./Drivers/STM32F4xx_HAL_Driver/Src/stm32f4xx_hal_dma.o
                0x0000000008003794                HAL_DMA_Init
 .text.HAL_DMA_DeInit
                0x00000000080038f0       0xbc ./Drivers/STM32F4xx_HAL_Driver/Src/stm32f4xx_hal_dma.o
                0x00000000080038f0                HAL_DMA_DeInit
 .text.DMA_CalcBaseAndBitshift
                0x00000000080039ac       0x6c ./Drivers/STM32F4xx_HAL_Driver/Src/stm32f4xx_hal_dma.o
 .text.DMA_CheckFifoParam
                0x0000000008003a18       0xf8 ./Drivers/STM32F4xx_HAL_Driver/Src/stm32f4xx_hal_dma.o
 .text.HAL_DMA2D_Init
                0x0000000008003b10       0x92 ./Drivers/STM32F4xx_HAL_Driver/Src/stm32f4xx_hal_dma2d.o
                0x0000000008003b10                HAL_DMA2D_Init
 .text.HAL_DMA2D_Start
                0x0000000008003ba2       0x56 ./Drivers/STM32F4xx_HAL_Driver/Src/stm32f4xx_hal_dma2d.o
                0x0000000008003ba2                HAL_DMA2D_Start
 .text.HAL_DMA2D_PollForTransfer
                0x0000000008003bf8      0x1d2 ./Drivers/STM32F4xx_HAL_Driver/Src/stm32f4xx_hal_dma2d.o
                0x0000000008003bf8                HAL_DMA2D_PollForTransfer
 .text.HAL_DMA2D_IRQHandler
                0x0000000008003dca      0x1f8 ./Drivers/STM32F4xx_HAL_Driver/Src/stm32f4xx_hal_dma2d.o
                0x0000000008003dca                HAL_DMA2D_IRQHandler
 .text.HAL_DMA2D_LineEventCallback
                0x0000000008003fc2       0x14 ./Drivers/STM32F4xx_HAL_Driver/Src/stm32f4xx_hal_dma2d.o
                0x0000000008003fc2                HAL_DMA2D_LineEventCallback
 .text.HAL_DMA2D_CLUTLoadingCpltCallback
                0x0000000008003fd6       0x14 ./Drivers/STM32F4xx_HAL_Driver/Src/stm32f4xx_hal_dma2d.o
                0x0000000008003fd6                HAL_DMA2D_CLUTLoadingCpltCallback
 *fill*         0x0000000008003fea        0x2 
 .text.HAL_DMA2D_ConfigLayer
                0x0000000008003fec      0x124 ./Drivers/STM32F4xx_HAL_Driver/Src/stm32f4xx_hal_dma2d.o
                0x0000000008003fec                HAL_DMA2D_ConfigLayer
 .text.DMA2D_SetConfig
                0x0000000008004110      0x138 ./Drivers/STM32F4xx_HAL_Driver/Src/stm32f4xx_hal_dma2d.o
 .text.HAL_GPIO_Init
                0x0000000008004248      0x358 ./Drivers/STM32F4xx_HAL_Driver/Src/stm32f4xx_hal_gpio.o
                0x0000000008004248                HAL_GPIO_Init
 .text.HAL_GPIO_DeInit
                0x00000000080045a0      0x218 ./Drivers/STM32F4xx_HAL_Driver/Src/stm32f4xx_hal_gpio.o
                0x00000000080045a0                HAL_GPIO_DeInit
 .text.HAL_GPIO_WritePin
                0x00000000080047b8       0x32 ./Drivers/STM32F4xx_HAL_Driver/Src/stm32f4xx_hal_gpio.o
                0x00000000080047b8                HAL_GPIO_WritePin
 *fill*         0x00000000080047ea        0x2 
 .text.HAL_I2C_Init
                0x00000000080047ec      0x288 ./Drivers/STM32F4xx_HAL_Driver/Src/stm32f4xx_hal_i2c.o
                0x00000000080047ec                HAL_I2C_Init
 .text.HAL_I2CEx_ConfigAnalogFilter
                0x0000000008004a74       0x78 ./Drivers/STM32F4xx_HAL_Driver/Src/stm32f4xx_hal_i2c_ex.o
                0x0000000008004a74                HAL_I2CEx_ConfigAnalogFilter
 .text.HAL_I2CEx_ConfigDigitalFilter
                0x0000000008004aec       0x7e ./Drivers/STM32F4xx_HAL_Driver/Src/stm32f4xx_hal_i2c_ex.o
                0x0000000008004aec                HAL_I2CEx_ConfigDigitalFilter
 *fill*         0x0000000008004b6a        0x2 
 .text.HAL_LTDC_Init
                0x0000000008004b6c      0x1a0 ./Drivers/STM32F4xx_HAL_Driver/Src/stm32f4xx_hal_ltdc.o
                0x0000000008004b6c                HAL_LTDC_Init
 .text.HAL_LTDC_IRQHandler
                0x0000000008004d0c      0x148 ./Drivers/STM32F4xx_HAL_Driver/Src/stm32f4xx_hal_ltdc.o
                0x0000000008004d0c                HAL_LTDC_IRQHandler
 .text.HAL_LTDC_ErrorCallback
                0x0000000008004e54       0x14 ./Drivers/STM32F4xx_HAL_Driver/Src/stm32f4xx_hal_ltdc.o
                0x0000000008004e54                HAL_LTDC_ErrorCallback
 .text.HAL_LTDC_LineEventCallback
                0x0000000008004e68       0x14 ./Drivers/STM32F4xx_HAL_Driver/Src/stm32f4xx_hal_ltdc.o
                0x0000000008004e68                HAL_LTDC_LineEventCallback
 .text.HAL_LTDC_ReloadEventCallback
                0x0000000008004e7c       0x14 ./Drivers/STM32F4xx_HAL_Driver/Src/stm32f4xx_hal_ltdc.o
                0x0000000008004e7c                HAL_LTDC_ReloadEventCallback
 .text.HAL_LTDC_ConfigLayer
                0x0000000008004e90       0x7c ./Drivers/STM32F4xx_HAL_Driver/Src/stm32f4xx_hal_ltdc.o
                0x0000000008004e90                HAL_LTDC_ConfigLayer
 .text.HAL_LTDC_EnableDither
                0x0000000008004f0c       0x54 ./Drivers/STM32F4xx_HAL_Driver/Src/stm32f4xx_hal_ltdc.o
                0x0000000008004f0c                HAL_LTDC_EnableDither
 .text.LTDC_SetConfig
                0x0000000008004f60      0x32e ./Drivers/STM32F4xx_HAL_Driver/Src/stm32f4xx_hal_ltdc.o
 *fill*         0x000000000800528e        0x2 
 .text.HAL_PWREx_EnableOverDrive
                0x0000000008005290       0xa0 ./Drivers/STM32F4xx_HAL_Driver/Src/stm32f4xx_hal_pwr_ex.o
                0x0000000008005290                HAL_PWREx_EnableOverDrive
 .text.HAL_RCC_OscConfig
                0x0000000008005330      0x4f0 ./Drivers/STM32F4xx_HAL_Driver/Src/stm32f4xx_hal_rcc.o
                0x0000000008005330                HAL_RCC_OscConfig
 .text.HAL_RCC_ClockConfig
                0x0000000008005820      0x1cc ./Drivers/STM32F4xx_HAL_Driver/Src/stm32f4xx_hal_rcc.o
                0x0000000008005820                HAL_RCC_ClockConfig
 .text.HAL_RCC_GetSysClockFreq
                0x00000000080059ec      0x20c ./Drivers/STM32F4xx_HAL_Driver/Src/stm32f4xx_hal_rcc.o
                0x00000000080059ec                HAL_RCC_GetSysClockFreq
 .text.HAL_RCC_GetHCLKFreq
                0x0000000008005bf8       0x18 ./Drivers/STM32F4xx_HAL_Driver/Src/stm32f4xx_hal_rcc.o
                0x0000000008005bf8                HAL_RCC_GetHCLKFreq
 .text.HAL_RCC_GetPCLK1Freq
                0x0000000008005c10       0x28 ./Drivers/STM32F4xx_HAL_Driver/Src/stm32f4xx_hal_rcc.o
                0x0000000008005c10                HAL_RCC_GetPCLK1Freq
 .text.HAL_RCC_GetPCLK2Freq
                0x0000000008005c38       0x28 ./Drivers/STM32F4xx_HAL_Driver/Src/stm32f4xx_hal_rcc.o
                0x0000000008005c38                HAL_RCC_GetPCLK2Freq
 .text.HAL_RCCEx_PeriphCLKConfig
                0x0000000008005c60      0x380 ./Drivers/STM32F4xx_HAL_Driver/Src/stm32f4xx_hal_rcc_ex.o
                0x0000000008005c60                HAL_RCCEx_PeriphCLKConfig
 .text.HAL_SDRAM_Init
                0x0000000008005fe0       0x68 ./Drivers/STM32F4xx_HAL_Driver/Src/stm32f4xx_hal_sdram.o
                0x0000000008005fe0                HAL_SDRAM_Init
 .text.HAL_SDRAM_SendCommand
                0x0000000008006048       0x6a ./Drivers/STM32F4xx_HAL_Driver/Src/stm32f4xx_hal_sdram.o
                0x0000000008006048                HAL_SDRAM_SendCommand
 .text.HAL_SDRAM_ProgramRefreshRate
                0x00000000080060b2       0x50 ./Drivers/STM32F4xx_HAL_Driver/Src/stm32f4xx_hal_sdram.o
                0x00000000080060b2                HAL_SDRAM_ProgramRefreshRate
 .text.HAL_SPI_Init
                0x0000000008006102      0x112 ./Drivers/STM32F4xx_HAL_Driver/Src/stm32f4xx_hal_spi.o
                0x0000000008006102                HAL_SPI_Init
 .text.HAL_SPI_DeInit
                0x0000000008006214       0x50 ./Drivers/STM32F4xx_HAL_Driver/Src/stm32f4xx_hal_spi.o
                0x0000000008006214                HAL_SPI_DeInit
 .text.HAL_SPI_Transmit
                0x0000000008006264      0x278 ./Drivers/STM32F4xx_HAL_Driver/Src/stm32f4xx_hal_spi.o
                0x0000000008006264                HAL_SPI_Transmit
 .text.HAL_SPI_Receive
                0x00000000080064dc      0x222 ./Drivers/STM32F4xx_HAL_Driver/Src/stm32f4xx_hal_spi.o
                0x00000000080064dc                HAL_SPI_Receive
 .text.HAL_SPI_TransmitReceive
                0x00000000080066fe      0x344 ./Drivers/STM32F4xx_HAL_Driver/Src/stm32f4xx_hal_spi.o
                0x00000000080066fe                HAL_SPI_TransmitReceive
 .text.HAL_SPI_GetState
                0x0000000008006a42       0x1c ./Drivers/STM32F4xx_HAL_Driver/Src/stm32f4xx_hal_spi.o
                0x0000000008006a42                HAL_SPI_GetState
 *fill*         0x0000000008006a5e        0x2 
 .text.SPI_WaitFlagStateUntilTimeout
                0x0000000008006a60      0x110 ./Drivers/STM32F4xx_HAL_Driver/Src/stm32f4xx_hal_spi.o
 .text.SPI_EndRxTransaction
                0x0000000008006b70       0xca ./Drivers/STM32F4xx_HAL_Driver/Src/stm32f4xx_hal_spi.o
 *fill*         0x0000000008006c3a        0x2 
 .text.SPI_EndRxTxTransaction
                0x0000000008006c3c       0x84 ./Drivers/STM32F4xx_HAL_Driver/Src/stm32f4xx_hal_spi.o
 .text.HAL_UART_Init
                0x0000000008006cc0       0x9a ./Drivers/STM32F4xx_HAL_Driver/Src/stm32f4xx_hal_uart.o
                0x0000000008006cc0                HAL_UART_Init
 *fill*         0x0000000008006d5a        0x2 
 .text.UART_SetConfig
                0x0000000008006d5c      0x4e8 ./Drivers/STM32F4xx_HAL_Driver/Src/stm32f4xx_hal_uart.o
 .text.FMC_SDRAM_Init
                0x0000000008007244       0xba ./Drivers/STM32F4xx_HAL_Driver/Src/stm32f4xx_ll_fmc.o
                0x0000000008007244                FMC_SDRAM_Init
 .text.FMC_SDRAM_Timing_Init
                0x00000000080072fe       0xd2 ./Drivers/STM32F4xx_HAL_Driver/Src/stm32f4xx_ll_fmc.o
                0x00000000080072fe                FMC_SDRAM_Timing_Init
 .text.FMC_SDRAM_SendCommand
                0x00000000080073d0       0x7a ./Drivers/STM32F4xx_HAL_Driver/Src/stm32f4xx_ll_fmc.o
                0x00000000080073d0                FMC_SDRAM_SendCommand
 .text.FMC_SDRAM_ProgramRefreshRate
                0x000000000800744a       0x2e ./Drivers/STM32F4xx_HAL_Driver/Src/stm32f4xx_ll_fmc.o
                0x000000000800744a                FMC_SDRAM_ProgramRefreshRate
 .text.__libc_init_array
                0x0000000008007478       0x48 c:/st/stm32cubeide_1.12.1/stm32cubeide/plugins/com.st.stm32cube.ide.mcu.externaltools.gnu-tools-for-stm32.10.3-2021.10.win32_1.0.200.202301161003/tools/bin/../lib/gcc/arm-none-eabi/10.3.1/../../../../arm-none-eabi/lib/thumb/v7e-m+fp/hard\libc_nano.a(lib_a-init.o)
                0x0000000008007478                __libc_init_array
 .text.memset   0x00000000080074c0       0x10 c:/st/stm32cubeide_1.12.1/stm32cubeide/plugins/com.st.stm32cube.ide.mcu.externaltools.gnu-tools-for-stm32.10.3-2021.10.win32_1.0.200.202301161003/tools/bin/../lib/gcc/arm-none-eabi/10.3.1/../../../../arm-none-eabi/lib/thumb/v7e-m+fp/hard\libc_nano.a(lib_a-memset.o)
                0x00000000080074c0                memset
 *(.glue_7)
 .glue_7        0x00000000080074d0        0x0 linker stubs
 *(.glue_7t)
 .glue_7t       0x00000000080074d0        0x0 linker stubs
 *(.eh_frame)
 .eh_frame      0x00000000080074d0        0x0 c:/st/stm32cubeide_1.12.1/stm32cubeide/plugins/com.st.stm32cube.ide.mcu.externaltools.gnu-tools-for-stm32.10.3-2021.10.win32_1.0.200.202301161003/tools/bin/../lib/gcc/arm-none-eabi/10.3.1/thumb/v7e-m+fp/hard/crtbegin.o
 *(.init)
 .init          0x00000000080074d0        0x4 c:/st/stm32cubeide_1.12.1/stm32cubeide/plugins/com.st.stm32cube.ide.mcu.externaltools.gnu-tools-for-stm32.10.3-2021.10.win32_1.0.200.202301161003/tools/bin/../lib/gcc/arm-none-eabi/10.3.1/thumb/v7e-m+fp/hard/crti.o
                0x00000000080074d0                _init
 .init          0x00000000080074d4        0x8 c:/st/stm32cubeide_1.12.1/stm32cubeide/plugins/com.st.stm32cube.ide.mcu.externaltools.gnu-tools-for-stm32.10.3-2021.10.win32_1.0.200.202301161003/tools/bin/../lib/gcc/arm-none-eabi/10.3.1/thumb/v7e-m+fp/hard/crtn.o
 *(.fini)
 .fini          0x00000000080074dc        0x4 c:/st/stm32cubeide_1.12.1/stm32cubeide/plugins/com.st.stm32cube.ide.mcu.externaltools.gnu-tools-for-stm32.10.3-2021.10.win32_1.0.200.202301161003/tools/bin/../lib/gcc/arm-none-eabi/10.3.1/thumb/v7e-m+fp/hard/crti.o
                0x00000000080074dc                _fini
 .fini          0x00000000080074e0        0x8 c:/st/stm32cubeide_1.12.1/stm32cubeide/plugins/com.st.stm32cube.ide.mcu.externaltools.gnu-tools-for-stm32.10.3-2021.10.win32_1.0.200.202301161003/tools/bin/../lib/gcc/arm-none-eabi/10.3.1/thumb/v7e-m+fp/hard/crtn.o
                0x00000000080074e8                . = ALIGN (0x4)
                0x00000000080074e8                _etext = .

.vfp11_veneer   0x00000000080074e8        0x0
 .vfp11_veneer  0x00000000080074e8        0x0 linker stubs

.v4_bx          0x00000000080074e8        0x0
 .v4_bx         0x00000000080074e8        0x0 linker stubs

.iplt           0x00000000080074e8        0x0
 .iplt          0x00000000080074e8        0x0 c:/st/stm32cubeide_1.12.1/stm32cubeide/plugins/com.st.stm32cube.ide.mcu.externaltools.gnu-tools-for-stm32.10.3-2021.10.win32_1.0.200.202301161003/tools/bin/../lib/gcc/arm-none-eabi/10.3.1/thumb/v7e-m+fp/hard/crtbegin.o

.rodata         0x00000000080074e8     0x29bc
                0x00000000080074e8                . = ALIGN (0x4)
 *(.rodata)
 .rodata        0x00000000080074e8        0xa ./Core/Src/main.o
 *(.rodata*)
 *fill*         0x00000000080074f2        0x2 
 .rodata.AHBPrescTable
                0x00000000080074f4       0x10 ./Core/Src/system_stm32f4xx.o
                0x00000000080074f4                AHBPrescTable
 .rodata.APBPrescTable
                0x0000000008007504        0x8 ./Core/Src/system_stm32f4xx.o
                0x0000000008007504                APBPrescTable
 .rodata.Font24_Table
                0x000000000800750c     0x1ab8 ./Drivers/BSP/STM32F429I-Discovery/stm32f429i_discovery_lcd.o
                0x000000000800750c                Font24_Table
 .rodata.Font20_Table
                0x0000000008008fc4      0xed8 ./Drivers/BSP/STM32F429I-Discovery/stm32f429i_discovery_lcd.o
                0x0000000008008fc4                Font20_Table
 .rodata.flagBitshiftOffset.0
                0x0000000008009e9c        0x8 ./Drivers/STM32F4xx_HAL_Driver/Src/stm32f4xx_hal_dma.o
                0x0000000008009ea4                . = ALIGN (0x4)

.ARM.extab      0x0000000008009ea4        0x0
                0x0000000008009ea4                . = ALIGN (0x4)
 *(.ARM.extab* .gnu.linkonce.armextab.*)
                0x0000000008009ea4                . = ALIGN (0x4)

.ARM            0x0000000008009ea4        0x8
                0x0000000008009ea4                . = ALIGN (0x4)
                0x0000000008009ea4                __exidx_start = .
 *(.ARM.exidx*)
 .ARM.exidx     0x0000000008009ea4        0x8 c:/st/stm32cubeide_1.12.1/stm32cubeide/plugins/com.st.stm32cube.ide.mcu.externaltools.gnu-tools-for-stm32.10.3-2021.10.win32_1.0.200.202301161003/tools/bin/../lib/gcc/arm-none-eabi/10.3.1/thumb/v7e-m+fp/hard\libgcc.a(_udivmoddi4.o)
                0x0000000008009eac                __exidx_end = .
                0x0000000008009eac                . = ALIGN (0x4)

.rel.dyn        0x0000000008009eac        0x0
 .rel.iplt      0x0000000008009eac        0x0 c:/st/stm32cubeide_1.12.1/stm32cubeide/plugins/com.st.stm32cube.ide.mcu.externaltools.gnu-tools-for-stm32.10.3-2021.10.win32_1.0.200.202301161003/tools/bin/../lib/gcc/arm-none-eabi/10.3.1/thumb/v7e-m+fp/hard/crtbegin.o

.preinit_array  0x0000000008009eac        0x0
                0x0000000008009eac                . = ALIGN (0x4)
                0x0000000008009eac                PROVIDE (__preinit_array_start = .)
 *(.preinit_array*)
                0x0000000008009eac                PROVIDE (__preinit_array_end = .)
                0x0000000008009eac                . = ALIGN (0x4)

.init_array     0x0000000008009eac        0x4
                0x0000000008009eac                . = ALIGN (0x4)
                0x0000000008009eac                PROVIDE (__init_array_start = .)
 *(SORT_BY_NAME(.init_array.*))
 *(.init_array*)
 .init_array    0x0000000008009eac        0x4 c:/st/stm32cubeide_1.12.1/stm32cubeide/plugins/com.st.stm32cube.ide.mcu.externaltools.gnu-tools-for-stm32.10.3-2021.10.win32_1.0.200.202301161003/tools/bin/../lib/gcc/arm-none-eabi/10.3.1/thumb/v7e-m+fp/hard/crtbegin.o
                0x0000000008009eb0                PROVIDE (__init_array_end = .)
                0x0000000008009eb0                . = ALIGN (0x4)

.fini_array     0x0000000008009eb0        0x4
                0x0000000008009eb0                . = ALIGN (0x4)
                [!provide]                        PROVIDE (__fini_array_start = .)
 *(SORT_BY_NAME(.fini_array.*))
 *(.fini_array*)
 .fini_array    0x0000000008009eb0        0x4 c:/st/stm32cubeide_1.12.1/stm32cubeide/plugins/com.st.stm32cube.ide.mcu.externaltools.gnu-tools-for-stm32.10.3-2021.10.win32_1.0.200.202301161003/tools/bin/../lib/gcc/arm-none-eabi/10.3.1/thumb/v7e-m+fp/hard/crtbegin.o
                [!provide]                        PROVIDE (__fini_array_end = .)
                0x0000000008009eb4                . = ALIGN (0x4)
                0x0000000008009eb4                _sidata = LOADADDR (.data)

.data           0x0000000020000000       0x60 load address 0x0000000008009eb4
                0x0000000020000000                . = ALIGN (0x4)
                0x0000000020000000                _sdata = .
 *(.data)
 *(.data*)
 .data.TxData   0x0000000020000000        0x8 ./Core/Src/main.o
                0x0000000020000000                TxData
 .data.SystemCoreClock
                0x0000000020000008        0x4 ./Core/Src/system_stm32f4xx.o
                0x0000000020000008                SystemCoreClock
 .data.ili9341_drv
                0x000000002000000c       0x38 ./Drivers/BSP/Components/ili9341/ili9341.o
                0x000000002000000c                ili9341_drv
 .data.SpixTimeout
                0x0000000020000044        0x4 ./Drivers/BSP/STM32F429I-Discovery/stm32f429i_discovery.o
                0x0000000020000044                SpixTimeout
 .data.Font24   0x0000000020000048        0x8 ./Drivers/BSP/STM32F429I-Discovery/stm32f429i_discovery_lcd.o
                0x0000000020000048                Font24
 .data.Font20   0x0000000020000050        0x8 ./Drivers/BSP/STM32F429I-Discovery/stm32f429i_discovery_lcd.o
                0x0000000020000050                Font20
 .data.uwTickPrio
                0x0000000020000058        0x4 ./Drivers/STM32F4xx_HAL_Driver/Src/stm32f4xx_hal.o
                0x0000000020000058                uwTickPrio
 .data.uwTickFreq
                0x000000002000005c        0x1 ./Drivers/STM32F4xx_HAL_Driver/Src/stm32f4xx_hal.o
                0x000000002000005c                uwTickFreq
 *(.RamFunc)
 *(.RamFunc*)
                0x0000000020000060                . = ALIGN (0x4)
 *fill*         0x000000002000005d        0x3 
                0x0000000020000060                _edata = .
                0x0000000008009f14                _siccmram = LOADADDR (.ccmram)

.igot.plt       0x0000000020000060        0x0 load address 0x0000000008009f14
 .igot.plt      0x0000000020000060        0x0 c:/st/stm32cubeide_1.12.1/stm32cubeide/plugins/com.st.stm32cube.ide.mcu.externaltools.gnu-tools-for-stm32.10.3-2021.10.win32_1.0.200.202301161003/tools/bin/../lib/gcc/arm-none-eabi/10.3.1/thumb/v7e-m+fp/hard/crtbegin.o

.ccmram         0x0000000010000000        0x0 load address 0x0000000008009f14
                0x0000000010000000                . = ALIGN (0x4)
                0x0000000010000000                _sccmram = .
 *(.ccmram)
 *(.ccmram*)
                0x0000000010000000                . = ALIGN (0x4)
                0x0000000010000000                _eccmram = .
                0x0000000010000000                . = ALIGN (0x4)

.bss            0x0000000020000060      0x4ec
                0x0000000020000060                _sbss = .
                0x0000000020000060                __bss_start__ = _sbss
 *(.bss)
 .bss           0x0000000020000060       0x1c c:/st/stm32cubeide_1.12.1/stm32cubeide/plugins/com.st.stm32cube.ide.mcu.externaltools.gnu-tools-for-stm32.10.3-2021.10.win32_1.0.200.202301161003/tools/bin/../lib/gcc/arm-none-eabi/10.3.1/thumb/v7e-m+fp/hard/crtbegin.o
 *(.bss*)
 .bss.hcan2     0x000000002000007c       0x28 ./Core/Src/main.o
                0x000000002000007c                hcan2
 .bss.hdma2d    0x00000000200000a4       0x40 ./Core/Src/main.o
                0x00000000200000a4                hdma2d
 .bss.hi2c3     0x00000000200000e4       0x54 ./Core/Src/main.o
                0x00000000200000e4                hi2c3
 .bss.hltdc     0x0000000020000138       0xa8 ./Core/Src/main.o
                0x0000000020000138                hltdc
 .bss.hspi5     0x00000000200001e0       0x58 ./Core/Src/main.o
                0x00000000200001e0                hspi5
 .bss.huart1    0x0000000020000238       0x44 ./Core/Src/main.o
                0x0000000020000238                huart1
 .bss.hsdram1   0x000000002000027c       0x34 ./Core/Src/main.o
                0x000000002000027c                hsdram1
 .bss.TxHeader  0x00000000200002b0       0x18 ./Core/Src/main.o
                0x00000000200002b0                TxHeader
 .bss.RxHeader  0x00000000200002c8       0x1c ./Core/Src/main.o
                0x00000000200002c8                RxHeader
 .bss.RxData    0x00000000200002e4        0x8 ./Core/Src/main.o
                0x00000000200002e4                RxData
 .bss.TxMailbox
                0x00000000200002ec        0x4 ./Core/Src/main.o
                0x00000000200002ec                TxMailbox
 .bss.FMC_Initialized
                0x00000000200002f0        0x4 ./Core/Src/stm32f4xx_hal_msp.o
 .bss.SpiHandle
                0x00000000200002f4       0x58 ./Drivers/BSP/STM32F429I-Discovery/stm32f429i_discovery.o
 .bss.Is_LCD_IO_Initialized
                0x000000002000034c        0x1 ./Drivers/BSP/STM32F429I-Discovery/stm32f429i_discovery.o
 *fill*         0x000000002000034d        0x3 
 .bss.LtdcHandler
                0x0000000020000350       0xa8 ./Drivers/BSP/STM32F429I-Discovery/stm32f429i_discovery_lcd.o
 .bss.Dma2dHandler
                0x00000000200003f8       0x40 ./Drivers/BSP/STM32F429I-Discovery/stm32f429i_discovery_lcd.o
 .bss.PeriphClkInitStruct
                0x0000000020000438       0x30 ./Drivers/BSP/STM32F429I-Discovery/stm32f429i_discovery_lcd.o
 .bss.ActiveLayer
                0x0000000020000468        0x4 ./Drivers/BSP/STM32F429I-Discovery/stm32f429i_discovery_lcd.o
 .bss.DrawProp  0x000000002000046c       0x18 ./Drivers/BSP/STM32F429I-Discovery/stm32f429i_discovery_lcd.o
 .bss.LcdDrv    0x0000000020000484        0x4 ./Drivers/BSP/STM32F429I-Discovery/stm32f429i_discovery_lcd.o
                0x0000000020000484                LcdDrv
 .bss.SdramHandle
                0x0000000020000488       0x34 ./Drivers/BSP/STM32F429I-Discovery/stm32f429i_discovery_sdram.o
 .bss.Timing    0x00000000200004bc       0x1c ./Drivers/BSP/STM32F429I-Discovery/stm32f429i_discovery_sdram.o
 .bss.Command   0x00000000200004d8       0x10 ./Drivers/BSP/STM32F429I-Discovery/stm32f429i_discovery_sdram.o
 .bss.dmaHandle.0
                0x00000000200004e8       0x60 ./Drivers/BSP/STM32F429I-Discovery/stm32f429i_discovery_sdram.o
 .bss.uwTick    0x0000000020000548        0x4 ./Drivers/STM32F4xx_HAL_Driver/Src/stm32f4xx_hal.o
                0x0000000020000548                uwTick
 *(COMMON)
                0x000000002000054c                . = ALIGN (0x4)
                0x000000002000054c                _ebss = .
                0x000000002000054c                __bss_end__ = _ebss

._user_heap_stack
                0x000000002000054c      0x604
                0x0000000020000550                . = ALIGN (0x8)
 *fill*         0x000000002000054c        0x4 
                [!provide]                        PROVIDE (end = .)
                0x0000000020000550                PROVIDE (_end = .)
                0x0000000020000750                . = (. + _Min_Heap_Size)
 *fill*         0x0000000020000550      0x200 
                0x0000000020000b50                . = (. + _Min_Stack_Size)
 *fill*         0x0000000020000750      0x400 
                0x0000000020000b50                . = ALIGN (0x8)

/DISCARD/
 libc.a(*)
 libm.a(*)
 libgcc.a(*)

.ARM.attributes
                0x0000000000000000       0x30
 *(.ARM.attributes)
 .ARM.attributes
                0x0000000000000000       0x1e c:/st/stm32cubeide_1.12.1/stm32cubeide/plugins/com.st.stm32cube.ide.mcu.externaltools.gnu-tools-for-stm32.10.3-2021.10.win32_1.0.200.202301161003/tools/bin/../lib/gcc/arm-none-eabi/10.3.1/thumb/v7e-m+fp/hard/crti.o
 .ARM.attributes
                0x000000000000001e       0x34 c:/st/stm32cubeide_1.12.1/stm32cubeide/plugins/com.st.stm32cube.ide.mcu.externaltools.gnu-tools-for-stm32.10.3-2021.10.win32_1.0.200.202301161003/tools/bin/../lib/gcc/arm-none-eabi/10.3.1/thumb/v7e-m+fp/hard/crtbegin.o
 .ARM.attributes
                0x0000000000000052       0x34 ./Core/Src/main.o
 .ARM.attributes
                0x0000000000000086       0x34 ./Core/Src/stm32f4xx_hal_msp.o
 .ARM.attributes
                0x00000000000000ba       0x34 ./Core/Src/stm32f4xx_it.o
 .ARM.attributes
                0x00000000000000ee       0x34 ./Core/Src/system_stm32f4xx.o
 .ARM.attributes
                0x0000000000000122       0x21 ./Core/Startup/startup_stm32f429zitx.o
 .ARM.attributes
                0x0000000000000143       0x34 ./Drivers/BSP/Components/ili9341/ili9341.o
 .ARM.attributes
                0x0000000000000177       0x34 ./Drivers/BSP/STM32F429I-Discovery/stm32f429i_discovery.o
 .ARM.attributes
                0x00000000000001ab       0x34 ./Drivers/BSP/STM32F429I-Discovery/stm32f429i_discovery_lcd.o
 .ARM.attributes
                0x00000000000001df       0x34 ./Drivers/BSP/STM32F429I-Discovery/stm32f429i_discovery_sdram.o
 .ARM.attributes
                0x0000000000000213       0x34 ./Drivers/STM32F4xx_HAL_Driver/Src/stm32f4xx_hal.o
 .ARM.attributes
                0x0000000000000247       0x34 ./Drivers/STM32F4xx_HAL_Driver/Src/stm32f4xx_hal_can.o
 .ARM.attributes
                0x000000000000027b       0x34 ./Drivers/STM32F4xx_HAL_Driver/Src/stm32f4xx_hal_cortex.o
 .ARM.attributes
                0x00000000000002af       0x34 ./Drivers/STM32F4xx_HAL_Driver/Src/stm32f4xx_hal_dma.o
 .ARM.attributes
                0x00000000000002e3       0x34 ./Drivers/STM32F4xx_HAL_Driver/Src/stm32f4xx_hal_dma2d.o
 .ARM.attributes
                0x0000000000000317       0x34 ./Drivers/STM32F4xx_HAL_Driver/Src/stm32f4xx_hal_gpio.o
 .ARM.attributes
                0x000000000000034b       0x34 ./Drivers/STM32F4xx_HAL_Driver/Src/stm32f4xx_hal_i2c.o
 .ARM.attributes
                0x000000000000037f       0x34 ./Drivers/STM32F4xx_HAL_Driver/Src/stm32f4xx_hal_i2c_ex.o
 .ARM.attributes
                0x00000000000003b3       0x34 ./Drivers/STM32F4xx_HAL_Driver/Src/stm32f4xx_hal_ltdc.o
 .ARM.attributes
                0x00000000000003e7       0x34 ./Drivers/STM32F4xx_HAL_Driver/Src/stm32f4xx_hal_pwr_ex.o
 .ARM.attributes
                0x000000000000041b       0x34 ./Drivers/STM32F4xx_HAL_Driver/Src/stm32f4xx_hal_rcc.o
 .ARM.attributes
                0x000000000000044f       0x34 ./Drivers/STM32F4xx_HAL_Driver/Src/stm32f4xx_hal_rcc_ex.o
 .ARM.attributes
                0x0000000000000483       0x34 ./Drivers/STM32F4xx_HAL_Driver/Src/stm32f4xx_hal_sdram.o
 .ARM.attributes
                0x00000000000004b7       0x34 ./Drivers/STM32F4xx_HAL_Driver/Src/stm32f4xx_hal_spi.o
 .ARM.attributes
                0x00000000000004eb       0x34 ./Drivers/STM32F4xx_HAL_Driver/Src/stm32f4xx_hal_uart.o
 .ARM.attributes
                0x000000000000051f       0x34 ./Drivers/STM32F4xx_HAL_Driver/Src/stm32f4xx_ll_fmc.o
 .ARM.attributes
                0x0000000000000553       0x34 c:/st/stm32cubeide_1.12.1/stm32cubeide/plugins/com.st.stm32cube.ide.mcu.externaltools.gnu-tools-for-stm32.10.3-2021.10.win32_1.0.200.202301161003/tools/bin/../lib/gcc/arm-none-eabi/10.3.1/../../../../arm-none-eabi/lib/thumb/v7e-m+fp/hard\libc_nano.a(lib_a-init.o)
 .ARM.attributes
                0x0000000000000587       0x34 c:/st/stm32cubeide_1.12.1/stm32cubeide/plugins/com.st.stm32cube.ide.mcu.externaltools.gnu-tools-for-stm32.10.3-2021.10.win32_1.0.200.202301161003/tools/bin/../lib/gcc/arm-none-eabi/10.3.1/../../../../arm-none-eabi/lib/thumb/v7e-m+fp/hard\libc_nano.a(lib_a-memset.o)
 .ARM.attributes
                0x00000000000005bb       0x1e c:/st/stm32cubeide_1.12.1/stm32cubeide/plugins/com.st.stm32cube.ide.mcu.externaltools.gnu-tools-for-stm32.10.3-2021.10.win32_1.0.200.202301161003/tools/bin/../lib/gcc/arm-none-eabi/10.3.1/thumb/v7e-m+fp/hard\libgcc.a(_aeabi_uldivmod.o)
 .ARM.attributes
                0x00000000000005d9       0x34 c:/st/stm32cubeide_1.12.1/stm32cubeide/plugins/com.st.stm32cube.ide.mcu.externaltools.gnu-tools-for-stm32.10.3-2021.10.win32_1.0.200.202301161003/tools/bin/../lib/gcc/arm-none-eabi/10.3.1/thumb/v7e-m+fp/hard\libgcc.a(_udivmoddi4.o)
 .ARM.attributes
                0x000000000000060d       0x1e c:/st/stm32cubeide_1.12.1/stm32cubeide/plugins/com.st.stm32cube.ide.mcu.externaltools.gnu-tools-for-stm32.10.3-2021.10.win32_1.0.200.202301161003/tools/bin/../lib/gcc/arm-none-eabi/10.3.1/thumb/v7e-m+fp/hard\libgcc.a(_dvmd_tls.o)
 .ARM.attributes
                0x000000000000062b       0x1e c:/st/stm32cubeide_1.12.1/stm32cubeide/plugins/com.st.stm32cube.ide.mcu.externaltools.gnu-tools-for-stm32.10.3-2021.10.win32_1.0.200.202301161003/tools/bin/../lib/gcc/arm-none-eabi/10.3.1/thumb/v7e-m+fp/hard/crtn.o
OUTPUT(Test1.elf elf32-littlearm)
LOAD linker stubs
LOAD c:/st/stm32cubeide_1.12.1/stm32cubeide/plugins/com.st.stm32cube.ide.mcu.externaltools.gnu-tools-for-stm32.10.3-2021.10.win32_1.0.200.202301161003/tools/bin/../lib/gcc/arm-none-eabi/10.3.1/../../../../arm-none-eabi/lib/thumb/v7e-m+fp/hard\libc.a
LOAD c:/st/stm32cubeide_1.12.1/stm32cubeide/plugins/com.st.stm32cube.ide.mcu.externaltools.gnu-tools-for-stm32.10.3-2021.10.win32_1.0.200.202301161003/tools/bin/../lib/gcc/arm-none-eabi/10.3.1/../../../../arm-none-eabi/lib/thumb/v7e-m+fp/hard\libm.a
LOAD c:/st/stm32cubeide_1.12.1/stm32cubeide/plugins/com.st.stm32cube.ide.mcu.externaltools.gnu-tools-for-stm32.10.3-2021.10.win32_1.0.200.202301161003/tools/bin/../lib/gcc/arm-none-eabi/10.3.1/thumb/v7e-m+fp/hard\libgcc.a

.debug_info     0x0000000000000000    0x1aff7
 .debug_info    0x0000000000000000     0x23c2 ./Core/Src/main.o
 .debug_info    0x00000000000023c2     0x2378 ./Core/Src/stm32f4xx_hal_msp.o
 .debug_info    0x000000000000473a      0xcca ./Core/Src/stm32f4xx_it.o
 .debug_info    0x0000000000005404      0x53f ./Core/Src/system_stm32f4xx.o
 .debug_info    0x0000000000005943       0x22 ./Core/Startup/startup_stm32f429zitx.o
 .debug_info    0x0000000000005965      0x3c2 ./Drivers/BSP/Components/ili9341/ili9341.o
 .debug_info    0x0000000000005d27     0x1af0 ./Drivers/BSP/STM32F429I-Discovery/stm32f429i_discovery.o
 .debug_info    0x0000000000007817     0x237d ./Drivers/BSP/STM32F429I-Discovery/stm32f429i_discovery_lcd.o
 .debug_info    0x0000000000009b94      0xff2 ./Drivers/BSP/STM32F429I-Discovery/stm32f429i_discovery_sdram.o
 .debug_info    0x000000000000ab86      0x9f4 ./Drivers/STM32F4xx_HAL_Driver/Src/stm32f4xx_hal.o
 .debug_info    0x000000000000b57a      0xfc9 ./Drivers/STM32F4xx_HAL_Driver/Src/stm32f4xx_hal_can.o
 .debug_info    0x000000000000c543      0xe51 ./Drivers/STM32F4xx_HAL_Driver/Src/stm32f4xx_hal_cortex.o
 .debug_info    0x000000000000d394      0x94f ./Drivers/STM32F4xx_HAL_Driver/Src/stm32f4xx_hal_dma.o
 .debug_info    0x000000000000dce3      0xf91 ./Drivers/STM32F4xx_HAL_Driver/Src/stm32f4xx_hal_dma2d.o
 .debug_info    0x000000000000ec74      0x786 ./Drivers/STM32F4xx_HAL_Driver/Src/stm32f4xx_hal_gpio.o
 .debug_info    0x000000000000f3fa     0x2617 ./Drivers/STM32F4xx_HAL_Driver/Src/stm32f4xx_hal_i2c.o
 .debug_info    0x0000000000011a11      0x6b6 ./Drivers/STM32F4xx_HAL_Driver/Src/stm32f4xx_hal_i2c_ex.o
 .debug_info    0x00000000000120c7     0x114d ./Drivers/STM32F4xx_HAL_Driver/Src/stm32f4xx_hal_ltdc.o
 .debug_info    0x0000000000013214      0x6e6 ./Drivers/STM32F4xx_HAL_Driver/Src/stm32f4xx_hal_pwr_ex.o
 .debug_info    0x00000000000138fa      0x982 ./Drivers/STM32F4xx_HAL_Driver/Src/stm32f4xx_hal_rcc.o
 .debug_info    0x000000000001427c      0x689 ./Drivers/STM32F4xx_HAL_Driver/Src/stm32f4xx_hal_rcc_ex.o
 .debug_info    0x0000000000014905      0xf46 ./Drivers/STM32F4xx_HAL_Driver/Src/stm32f4xx_hal_sdram.o
 .debug_info    0x000000000001584b     0x1758 ./Drivers/STM32F4xx_HAL_Driver/Src/stm32f4xx_hal_spi.o
 .debug_info    0x0000000000016fa3     0x31bc ./Drivers/STM32F4xx_HAL_Driver/Src/stm32f4xx_hal_uart.o
 .debug_info    0x000000000001a15f      0xe98 ./Drivers/STM32F4xx_HAL_Driver/Src/stm32f4xx_ll_fmc.o

.debug_abbrev   0x0000000000000000     0x353c
 .debug_abbrev  0x0000000000000000      0x31b ./Core/Src/main.o
 .debug_abbrev  0x000000000000031b      0x284 ./Core/Src/stm32f4xx_hal_msp.o
 .debug_abbrev  0x000000000000059f      0x1c6 ./Core/Src/stm32f4xx_it.o
 .debug_abbrev  0x0000000000000765      0x116 ./Core/Src/system_stm32f4xx.o
 .debug_abbrev  0x000000000000087b       0x12 ./Core/Startup/startup_stm32f429zitx.o
 .debug_abbrev  0x000000000000088d      0x1a8 ./Drivers/BSP/Components/ili9341/ili9341.o
 .debug_abbrev  0x0000000000000a35      0x2d1 ./Drivers/BSP/STM32F429I-Discovery/stm32f429i_discovery.o
 .debug_abbrev  0x0000000000000d06      0x2fd ./Drivers/BSP/STM32F429I-Discovery/stm32f429i_discovery_lcd.o
 .debug_abbrev  0x0000000000001003      0x254 ./Drivers/BSP/STM32F429I-Discovery/stm32f429i_discovery_sdram.o
 .debug_abbrev  0x0000000000001257      0x20d ./Drivers/STM32F4xx_HAL_Driver/Src/stm32f4xx_hal.o
 .debug_abbrev  0x0000000000001464      0x22e ./Drivers/STM32F4xx_HAL_Driver/Src/stm32f4xx_hal_can.o
 .debug_abbrev  0x0000000000001692      0x316 ./Drivers/STM32F4xx_HAL_Driver/Src/stm32f4xx_hal_cortex.o
 .debug_abbrev  0x00000000000019a8      0x25b ./Drivers/STM32F4xx_HAL_Driver/Src/stm32f4xx_hal_dma.o
 .debug_abbrev  0x0000000000001c03      0x22e ./Drivers/STM32F4xx_HAL_Driver/Src/stm32f4xx_hal_dma2d.o
 .debug_abbrev  0x0000000000001e31      0x1c4 ./Drivers/STM32F4xx_HAL_Driver/Src/stm32f4xx_hal_gpio.o
 .debug_abbrev  0x0000000000001ff5      0x297 ./Drivers/STM32F4xx_HAL_Driver/Src/stm32f4xx_hal_i2c.o
 .debug_abbrev  0x000000000000228c      0x14c ./Drivers/STM32F4xx_HAL_Driver/Src/stm32f4xx_hal_i2c_ex.o
 .debug_abbrev  0x00000000000023d8      0x221 ./Drivers/STM32F4xx_HAL_Driver/Src/stm32f4xx_hal_ltdc.o
 .debug_abbrev  0x00000000000025f9      0x1c9 ./Drivers/STM32F4xx_HAL_Driver/Src/stm32f4xx_hal_pwr_ex.o
 .debug_abbrev  0x00000000000027c2      0x2aa ./Drivers/STM32F4xx_HAL_Driver/Src/stm32f4xx_hal_rcc.o
 .debug_abbrev  0x0000000000002a6c      0x1a8 ./Drivers/STM32F4xx_HAL_Driver/Src/stm32f4xx_hal_rcc_ex.o
 .debug_abbrev  0x0000000000002c14      0x230 ./Drivers/STM32F4xx_HAL_Driver/Src/stm32f4xx_hal_sdram.o
 .debug_abbrev  0x0000000000002e44      0x26e ./Drivers/STM32F4xx_HAL_Driver/Src/stm32f4xx_hal_spi.o
 .debug_abbrev  0x00000000000030b2      0x2f4 ./Drivers/STM32F4xx_HAL_Driver/Src/stm32f4xx_hal_uart.o
 .debug_abbrev  0x00000000000033a6      0x196 ./Drivers/STM32F4xx_HAL_Driver/Src/stm32f4xx_ll_fmc.o

.debug_aranges  0x0000000000000000     0x15b0
 .debug_aranges
                0x0000000000000000       0x78 ./Core/Src/main.o
 .debug_aranges
                0x0000000000000078       0xa0 ./Core/Src/stm32f4xx_hal_msp.o
 .debug_aranges
                0x0000000000000118       0x88 ./Core/Src/stm32f4xx_it.o
 .debug_aranges
                0x00000000000001a0       0x28 ./Core/Src/system_stm32f4xx.o
 .debug_aranges
                0x00000000000001c8       0x28 ./Core/Startup/startup_stm32f429zitx.o
 .debug_aranges
                0x00000000000001f0       0x60 ./Drivers/BSP/Components/ili9341/ili9341.o
 .debug_aranges
                0x0000000000000250      0x138 ./Drivers/BSP/STM32F429I-Discovery/stm32f429i_discovery.o
 .debug_aranges
                0x0000000000000388      0x170 ./Drivers/BSP/STM32F429I-Discovery/stm32f429i_discovery_lcd.o
 .debug_aranges
                0x00000000000004f8       0x60 ./Drivers/BSP/STM32F429I-Discovery/stm32f429i_discovery_sdram.o
 .debug_aranges
                0x0000000000000558      0x100 ./Drivers/STM32F4xx_HAL_Driver/Src/stm32f4xx_hal.o
 .debug_aranges
                0x0000000000000658      0x138 ./Drivers/STM32F4xx_HAL_Driver/Src/stm32f4xx_hal_can.o
 .debug_aranges
                0x0000000000000790      0x118 ./Drivers/STM32F4xx_HAL_Driver/Src/stm32f4xx_hal_cortex.o
 .debug_aranges
                0x00000000000008a8       0x90 ./Drivers/STM32F4xx_HAL_Driver/Src/stm32f4xx_hal_dma.o
 .debug_aranges
                0x0000000000000938      0x118 ./Drivers/STM32F4xx_HAL_Driver/Src/stm32f4xx_hal_dma2d.o
 .debug_aranges
                0x0000000000000a50       0x58 ./Drivers/STM32F4xx_HAL_Driver/Src/stm32f4xx_hal_gpio.o
 .debug_aranges
                0x0000000000000aa8      0x2a0 ./Drivers/STM32F4xx_HAL_Driver/Src/stm32f4xx_hal_i2c.o
 .debug_aranges
                0x0000000000000d48       0x28 ./Drivers/STM32F4xx_HAL_Driver/Src/stm32f4xx_hal_i2c_ex.o
 .debug_aranges
                0x0000000000000d70      0x158 ./Drivers/STM32F4xx_HAL_Driver/Src/stm32f4xx_hal_ltdc.o
 .debug_aranges
                0x0000000000000ec8       0x60 ./Drivers/STM32F4xx_HAL_Driver/Src/stm32f4xx_hal_pwr_ex.o
 .debug_aranges
                0x0000000000000f28       0x88 ./Drivers/STM32F4xx_HAL_Driver/Src/stm32f4xx_hal_rcc.o
 .debug_aranges
                0x0000000000000fb0       0x58 ./Drivers/STM32F4xx_HAL_Driver/Src/stm32f4xx_hal_rcc_ex.o
 .debug_aranges
                0x0000000000001008       0xe8 ./Drivers/STM32F4xx_HAL_Driver/Src/stm32f4xx_hal_sdram.o
 .debug_aranges
                0x00000000000010f0      0x1d0 ./Drivers/STM32F4xx_HAL_Driver/Src/stm32f4xx_hal_spi.o
 .debug_aranges
                0x00000000000012c0      0x200 ./Drivers/STM32F4xx_HAL_Driver/Src/stm32f4xx_hal_uart.o
 .debug_aranges
                0x00000000000014c0       0xf0 ./Drivers/STM32F4xx_HAL_Driver/Src/stm32f4xx_ll_fmc.o

.debug_ranges   0x0000000000000000     0x1470
 .debug_ranges  0x0000000000000000       0x68 ./Core/Src/main.o
 .debug_ranges  0x0000000000000068       0x90 ./Core/Src/stm32f4xx_hal_msp.o
 .debug_ranges  0x00000000000000f8       0x78 ./Core/Src/stm32f4xx_it.o
 .debug_ranges  0x0000000000000170       0x18 ./Core/Src/system_stm32f4xx.o
 .debug_ranges  0x0000000000000188       0x20 ./Core/Startup/startup_stm32f429zitx.o
 .debug_ranges  0x00000000000001a8       0x50 ./Drivers/BSP/Components/ili9341/ili9341.o
 .debug_ranges  0x00000000000001f8      0x128 ./Drivers/BSP/STM32F429I-Discovery/stm32f429i_discovery.o
 .debug_ranges  0x0000000000000320      0x160 ./Drivers/BSP/STM32F429I-Discovery/stm32f429i_discovery_lcd.o
 .debug_ranges  0x0000000000000480       0x50 ./Drivers/BSP/STM32F429I-Discovery/stm32f429i_discovery_sdram.o
 .debug_ranges  0x00000000000004d0       0xf0 ./Drivers/STM32F4xx_HAL_Driver/Src/stm32f4xx_hal.o
 .debug_ranges  0x00000000000005c0      0x128 ./Drivers/STM32F4xx_HAL_Driver/Src/stm32f4xx_hal_can.o
 .debug_ranges  0x00000000000006e8      0x108 ./Drivers/STM32F4xx_HAL_Driver/Src/stm32f4xx_hal_cortex.o
 .debug_ranges  0x00000000000007f0       0x80 ./Drivers/STM32F4xx_HAL_Driver/Src/stm32f4xx_hal_dma.o
 .debug_ranges  0x0000000000000870      0x108 ./Drivers/STM32F4xx_HAL_Driver/Src/stm32f4xx_hal_dma2d.o
 .debug_ranges  0x0000000000000978       0x48 ./Drivers/STM32F4xx_HAL_Driver/Src/stm32f4xx_hal_gpio.o
 .debug_ranges  0x00000000000009c0      0x2a8 ./Drivers/STM32F4xx_HAL_Driver/Src/stm32f4xx_hal_i2c.o
 .debug_ranges  0x0000000000000c68       0x18 ./Drivers/STM32F4xx_HAL_Driver/Src/stm32f4xx_hal_i2c_ex.o
 .debug_ranges  0x0000000000000c80      0x148 ./Drivers/STM32F4xx_HAL_Driver/Src/stm32f4xx_hal_ltdc.o
 .debug_ranges  0x0000000000000dc8       0x50 ./Drivers/STM32F4xx_HAL_Driver/Src/stm32f4xx_hal_pwr_ex.o
 .debug_ranges  0x0000000000000e18       0x78 ./Drivers/STM32F4xx_HAL_Driver/Src/stm32f4xx_hal_rcc.o
 .debug_ranges  0x0000000000000e90       0x48 ./Drivers/STM32F4xx_HAL_Driver/Src/stm32f4xx_hal_rcc_ex.o
 .debug_ranges  0x0000000000000ed8       0xd8 ./Drivers/STM32F4xx_HAL_Driver/Src/stm32f4xx_hal_sdram.o
 .debug_ranges  0x0000000000000fb0      0x1c0 ./Drivers/STM32F4xx_HAL_Driver/Src/stm32f4xx_hal_spi.o
 .debug_ranges  0x0000000000001170      0x220 ./Drivers/STM32F4xx_HAL_Driver/Src/stm32f4xx_hal_uart.o
 .debug_ranges  0x0000000000001390       0xe0 ./Drivers/STM32F4xx_HAL_Driver/Src/stm32f4xx_ll_fmc.o

.debug_macro    0x0000000000000000    0x259fa
 .debug_macro   0x0000000000000000      0x277 ./Core/Src/main.o
 .debug_macro   0x0000000000000277      0xa78 ./Core/Src/main.o
 .debug_macro   0x0000000000000cef      0x2b9 ./Core/Src/main.o
 .debug_macro   0x0000000000000fa8       0x2e ./Core/Src/main.o
 .debug_macro   0x0000000000000fd6       0x28 ./Core/Src/main.o
 .debug_macro   0x0000000000000ffe       0x22 ./Core/Src/main.o
 .debug_macro   0x0000000000001020       0x8e ./Core/Src/main.o
 .debug_macro   0x00000000000010ae       0x51 ./Core/Src/main.o
 .debug_macro   0x00000000000010ff      0x103 ./Core/Src/main.o
 .debug_macro   0x0000000000001202       0x6a ./Core/Src/main.o
 .debug_macro   0x000000000000126c      0x1df ./Core/Src/main.o
 .debug_macro   0x000000000000144b       0x1c ./Core/Src/main.o
 .debug_macro   0x0000000000001467       0x22 ./Core/Src/main.o
 .debug_macro   0x0000000000001489       0xd9 ./Core/Src/main.o
 .debug_macro   0x0000000000001562     0x102d ./Core/Src/main.o
 .debug_macro   0x000000000000258f      0x11f ./Core/Src/main.o
 .debug_macro   0x00000000000026ae    0x17fc0 ./Core/Src/main.o
 .debug_macro   0x000000000001a66e       0x6d ./Core/Src/main.o
 .debug_macro   0x000000000001a6db     0x36f5 ./Core/Src/main.o
 .debug_macro   0x000000000001ddd0      0x174 ./Core/Src/main.o
 .debug_macro   0x000000000001df44       0x5c ./Core/Src/main.o
 .debug_macro   0x000000000001dfa0      0xca5 ./Core/Src/main.o
 .debug_macro   0x000000000001ec45      0x9fe ./Core/Src/main.o
 .debug_macro   0x000000000001f643      0x115 ./Core/Src/main.o
 .debug_macro   0x000000000001f758      0x156 ./Core/Src/main.o
 .debug_macro   0x000000000001f8ae       0xa5 ./Core/Src/main.o
 .debug_macro   0x000000000001f953      0x182 ./Core/Src/main.o
 .debug_macro   0x000000000001fad5      0x287 ./Core/Src/main.o
 .debug_macro   0x000000000001fd5c       0x5f ./Core/Src/main.o
 .debug_macro   0x000000000001fdbb      0x236 ./Core/Src/main.o
 .debug_macro   0x000000000001fff1      0x40f ./Core/Src/main.o
 .debug_macro   0x0000000000020400      0x208 ./Core/Src/main.o
 .debug_macro   0x0000000000020608      0x132 ./Core/Src/main.o
 .debug_macro   0x000000000002073a      0x41d ./Core/Src/main.o
 .debug_macro   0x0000000000020b57       0x2e ./Core/Src/main.o
 .debug_macro   0x0000000000020b85      0x556 ./Core/Src/main.o
 .debug_macro   0x00000000000210db      0x1b5 ./Core/Src/main.o
 .debug_macro   0x0000000000021290       0x22 ./Core/Src/main.o
 .debug_macro   0x00000000000212b2       0xd6 ./Core/Src/main.o
 .debug_macro   0x0000000000021388      0x198 ./Core/Src/main.o
 .debug_macro   0x0000000000021520       0xd6 ./Core/Src/main.o
 .debug_macro   0x00000000000215f6      0x11a ./Core/Src/main.o
 .debug_macro   0x0000000000021710       0xe2 ./Core/Src/main.o
 .debug_macro   0x00000000000217f2       0x89 ./Core/Src/main.o
 .debug_macro   0x000000000002187b      0x225 ./Core/Src/main.o
 .debug_macro   0x0000000000021aa0      0x295 ./Core/Src/main.o
 .debug_macro   0x0000000000021d35      0x134 ./Core/Src/main.o
 .debug_macro   0x0000000000021e69      0x265 ./Core/Src/main.o
 .debug_macro   0x00000000000220ce       0x9f ./Core/Src/main.o
 .debug_macro   0x000000000002216d       0x10 ./Core/Src/main.o
 .debug_macro   0x000000000002217d      0x26d ./Core/Src/main.o
 .debug_macro   0x00000000000223ea      0x115 ./Core/Src/main.o
 .debug_macro   0x00000000000224ff      0x230 ./Core/Src/stm32f4xx_hal_msp.o
 .debug_macro   0x000000000002272f      0x23a ./Core/Src/stm32f4xx_it.o
 .debug_macro   0x0000000000022969      0x226 ./Core/Src/system_stm32f4xx.o
 .debug_macro   0x0000000000022b8f       0x7c ./Drivers/BSP/Components/ili9341/ili9341.o
 .debug_macro   0x0000000000022c0b      0x253 ./Drivers/BSP/STM32F429I-Discovery/stm32f429i_discovery.o
 .debug_macro   0x0000000000022e5e      0x25f ./Drivers/BSP/STM32F429I-Discovery/stm32f429i_discovery.o
 .debug_macro   0x00000000000230bd      0x299 ./Drivers/BSP/STM32F429I-Discovery/stm32f429i_discovery_lcd.o
 .debug_macro   0x0000000000023356      0x244 ./Drivers/BSP/STM32F429I-Discovery/stm32f429i_discovery_sdram.o
 .debug_macro   0x000000000002359a       0x99 ./Drivers/BSP/STM32F429I-Discovery/stm32f429i_discovery_sdram.o
 .debug_macro   0x0000000000023633      0x286 ./Drivers/STM32F4xx_HAL_Driver/Src/stm32f4xx_hal.o
 .debug_macro   0x00000000000238b9      0x22e ./Drivers/STM32F4xx_HAL_Driver/Src/stm32f4xx_hal_can.o
 .debug_macro   0x0000000000023ae7      0x226 ./Drivers/STM32F4xx_HAL_Driver/Src/stm32f4xx_hal_cortex.o
 .debug_macro   0x0000000000023d0d      0x22c ./Drivers/STM32F4xx_HAL_Driver/Src/stm32f4xx_hal_dma.o
 .debug_macro   0x0000000000023f39      0x235 ./Drivers/STM32F4xx_HAL_Driver/Src/stm32f4xx_hal_dma2d.o
 .debug_macro   0x000000000002416e      0x22c ./Drivers/STM32F4xx_HAL_Driver/Src/stm32f4xx_hal_gpio.o
 .debug_macro   0x000000000002439a      0x26d ./Drivers/STM32F4xx_HAL_Driver/Src/stm32f4xx_hal_i2c.o
 .debug_macro   0x0000000000024607      0x226 ./Drivers/STM32F4xx_HAL_Driver/Src/stm32f4xx_hal_i2c_ex.o
 .debug_macro   0x000000000002482d      0x22e ./Drivers/STM32F4xx_HAL_Driver/Src/stm32f4xx_hal_ltdc.o
 .debug_macro   0x0000000000024a5b      0x23e ./Drivers/STM32F4xx_HAL_Driver/Src/stm32f4xx_hal_pwr_ex.o
 .debug_macro   0x0000000000024c99      0x24a ./Drivers/STM32F4xx_HAL_Driver/Src/stm32f4xx_hal_rcc.o
 .debug_macro   0x0000000000024ee3      0x226 ./Drivers/STM32F4xx_HAL_Driver/Src/stm32f4xx_hal_rcc_ex.o
 .debug_macro   0x0000000000025109      0x226 ./Drivers/STM32F4xx_HAL_Driver/Src/stm32f4xx_hal_sdram.o
 .debug_macro   0x000000000002532f      0x235 ./Drivers/STM32F4xx_HAL_Driver/Src/stm32f4xx_hal_spi.o
 .debug_macro   0x0000000000025564      0x227 ./Drivers/STM32F4xx_HAL_Driver/Src/stm32f4xx_hal_uart.o
 .debug_macro   0x000000000002578b      0x26f ./Drivers/STM32F4xx_HAL_Driver/Src/stm32f4xx_ll_fmc.o

.debug_line     0x0000000000000000    0x18e1a
 .debug_line    0x0000000000000000      0xbf3 ./Core/Src/main.o
 .debug_line    0x0000000000000bf3      0xacd ./Core/Src/stm32f4xx_hal_msp.o
 .debug_line    0x00000000000016c0      0x8a7 ./Core/Src/stm32f4xx_it.o
 .debug_line    0x0000000000001f67      0x7ee ./Core/Src/system_stm32f4xx.o
 .debug_line    0x0000000000002755       0x88 ./Core/Startup/startup_stm32f429zitx.o
 .debug_line    0x00000000000027dd      0x514 ./Drivers/BSP/Components/ili9341/ili9341.o
 .debug_line    0x0000000000002cf1      0xc7c ./Drivers/BSP/STM32F429I-Discovery/stm32f429i_discovery.o
 .debug_line    0x000000000000396d     0x156b ./Drivers/BSP/STM32F429I-Discovery/stm32f429i_discovery_lcd.o
 .debug_line    0x0000000000004ed8      0x911 ./Drivers/BSP/STM32F429I-Discovery/stm32f429i_discovery_sdram.o
 .debug_line    0x00000000000057e9      0xa8a ./Drivers/STM32F4xx_HAL_Driver/Src/stm32f4xx_hal.o
 .debug_line    0x0000000000006273     0x11c0 ./Drivers/STM32F4xx_HAL_Driver/Src/stm32f4xx_hal_can.o
 .debug_line    0x0000000000007433      0xd03 ./Drivers/STM32F4xx_HAL_Driver/Src/stm32f4xx_hal_cortex.o
 .debug_line    0x0000000000008136      0xfb8 ./Drivers/STM32F4xx_HAL_Driver/Src/stm32f4xx_hal_dma.o
 .debug_line    0x00000000000090ee     0x120c ./Drivers/STM32F4xx_HAL_Driver/Src/stm32f4xx_hal_dma2d.o
 .debug_line    0x000000000000a2fa      0xbf0 ./Drivers/STM32F4xx_HAL_Driver/Src/stm32f4xx_hal_gpio.o
 .debug_line    0x000000000000aeea     0x3a09 ./Drivers/STM32F4xx_HAL_Driver/Src/stm32f4xx_hal_i2c.o
 .debug_line    0x000000000000e8f3      0x7e7 ./Drivers/STM32F4xx_HAL_Driver/Src/stm32f4xx_hal_i2c_ex.o
 .debug_line    0x000000000000f0da     0x1787 ./Drivers/STM32F4xx_HAL_Driver/Src/stm32f4xx_hal_ltdc.o
 .debug_line    0x0000000000010861      0x983 ./Drivers/STM32F4xx_HAL_Driver/Src/stm32f4xx_hal_pwr_ex.o
 .debug_line    0x00000000000111e4      0xdd0 ./Drivers/STM32F4xx_HAL_Driver/Src/stm32f4xx_hal_rcc.o
 .debug_line    0x0000000000011fb4      0xc25 ./Drivers/STM32F4xx_HAL_Driver/Src/stm32f4xx_hal_rcc_ex.o
 .debug_line    0x0000000000012bd9      0xe54 ./Drivers/STM32F4xx_HAL_Driver/Src/stm32f4xx_hal_sdram.o
 .debug_line    0x0000000000013a2d     0x1cde ./Drivers/STM32F4xx_HAL_Driver/Src/stm32f4xx_hal_spi.o
 .debug_line    0x000000000001570b     0x2af9 ./Drivers/STM32F4xx_HAL_Driver/Src/stm32f4xx_hal_uart.o
 .debug_line    0x0000000000018204      0xc16 ./Drivers/STM32F4xx_HAL_Driver/Src/stm32f4xx_ll_fmc.o

.debug_str      0x0000000000000000    0xdef45
 .debug_str     0x0000000000000000    0xd95d0 ./Core/Src/main.o
                                      0xd9a40 (size before relaxing)
 .debug_str     0x00000000000d95d0      0x81e ./Core/Src/stm32f4xx_hal_msp.o
                                      0xd7cb9 (size before relaxing)
 .debug_str     0x00000000000d9dee      0x140 ./Core/Src/stm32f4xx_it.o
                                      0xd6aff (size before relaxing)
 .debug_str     0x00000000000d9f2e       0xdb ./Core/Src/system_stm32f4xx.o
                                      0xd6475 (size before relaxing)
 .debug_str     0x00000000000da009       0x36 ./Core/Startup/startup_stm32f429zitx.o
                                         0x4c (size before relaxing)
 .debug_str     0x00000000000da03f      0x183 ./Drivers/BSP/Components/ili9341/ili9341.o
                                       0x44c0 (size before relaxing)
 .debug_str     0x00000000000da1c2      0x59d ./Drivers/BSP/STM32F429I-Discovery/stm32f429i_discovery.o
                                      0xd85bb (size before relaxing)
 .debug_str     0x00000000000da75f      0x70e ./Drivers/BSP/STM32F429I-Discovery/stm32f429i_discovery_lcd.o
                                      0xd935e (size before relaxing)
 .debug_str     0x00000000000dae6d      0x253 ./Drivers/BSP/STM32F429I-Discovery/stm32f429i_discovery_sdram.o
                                      0xd8430 (size before relaxing)
 .debug_str     0x00000000000db0c0      0x63e ./Drivers/STM32F4xx_HAL_Driver/Src/stm32f4xx_hal.o
                                      0xd7098 (size before relaxing)
 .debug_str     0x00000000000db6fe      0x3cb ./Drivers/STM32F4xx_HAL_Driver/Src/stm32f4xx_hal_can.o
                                      0xd6b4e (size before relaxing)
 .debug_str     0x00000000000dbac9      0x31c ./Drivers/STM32F4xx_HAL_Driver/Src/stm32f4xx_hal_cortex.o
                                      0xd6d7d (size before relaxing)
 .debug_str     0x00000000000dbde5      0x2e1 ./Drivers/STM32F4xx_HAL_Driver/Src/stm32f4xx_hal_dma.o
                                      0xd687c (size before relaxing)
 .debug_str     0x00000000000dc0c6      0x342 ./Drivers/STM32F4xx_HAL_Driver/Src/stm32f4xx_hal_dma2d.o
                                      0xd6a51 (size before relaxing)
 .debug_str     0x00000000000dc408       0xfd ./Drivers/STM32F4xx_HAL_Driver/Src/stm32f4xx_hal_gpio.o
                                      0xd65f0 (size before relaxing)
 .debug_str     0x00000000000dc505      0xa69 ./Drivers/STM32F4xx_HAL_Driver/Src/stm32f4xx_hal_i2c.o
                                      0xd7432 (size before relaxing)
 .debug_str     0x00000000000dcf6e       0x3b ./Drivers/STM32F4xx_HAL_Driver/Src/stm32f4xx_hal_i2c_ex.o
                                      0xd6844 (size before relaxing)
 .debug_str     0x00000000000dcfa9      0x33e ./Drivers/STM32F4xx_HAL_Driver/Src/stm32f4xx_hal_ltdc.o
                                      0xd6ad9 (size before relaxing)
 .debug_str     0x00000000000dd2e7      0x135 ./Drivers/STM32F4xx_HAL_Driver/Src/stm32f4xx_hal_pwr_ex.o
                                      0xd664d (size before relaxing)
 .debug_str     0x00000000000dd41c      0x213 ./Drivers/STM32F4xx_HAL_Driver/Src/stm32f4xx_hal_rcc.o
                                      0xd68a9 (size before relaxing)
 .debug_str     0x00000000000dd62f      0x12b ./Drivers/STM32F4xx_HAL_Driver/Src/stm32f4xx_hal_rcc_ex.o
                                      0xd6670 (size before relaxing)
 .debug_str     0x00000000000dd75a      0x2e0 ./Drivers/STM32F4xx_HAL_Driver/Src/stm32f4xx_hal_sdram.o
                                      0xd6b95 (size before relaxing)
 .debug_str     0x00000000000dda3a      0x4ef ./Drivers/STM32F4xx_HAL_Driver/Src/stm32f4xx_hal_spi.o
                                      0xd6d26 (size before relaxing)
 .debug_str     0x00000000000ddf29      0x5e4 ./Drivers/STM32F4xx_HAL_Driver/Src/stm32f4xx_hal_uart.o
                                      0xd6e35 (size before relaxing)
 .debug_str     0x00000000000de50d      0xa38 ./Drivers/STM32F4xx_HAL_Driver/Src/stm32f4xx_ll_fmc.o
                                      0xd705f (size before relaxing)

.comment        0x0000000000000000       0x50
 .comment       0x0000000000000000       0x50 ./Core/Src/main.o
                                         0x51 (size before relaxing)
 .comment       0x0000000000000050       0x51 ./Core/Src/stm32f4xx_hal_msp.o
 .comment       0x0000000000000050       0x51 ./Core/Src/stm32f4xx_it.o
 .comment       0x0000000000000050       0x51 ./Core/Src/system_stm32f4xx.o
 .comment       0x0000000000000050       0x51 ./Drivers/BSP/Components/ili9341/ili9341.o
 .comment       0x0000000000000050       0x51 ./Drivers/BSP/STM32F429I-Discovery/stm32f429i_discovery.o
 .comment       0x0000000000000050       0x51 ./Drivers/BSP/STM32F429I-Discovery/stm32f429i_discovery_lcd.o
 .comment       0x0000000000000050       0x51 ./Drivers/BSP/STM32F429I-Discovery/stm32f429i_discovery_sdram.o
 .comment       0x0000000000000050       0x51 ./Drivers/STM32F4xx_HAL_Driver/Src/stm32f4xx_hal.o
 .comment       0x0000000000000050       0x51 ./Drivers/STM32F4xx_HAL_Driver/Src/stm32f4xx_hal_can.o
 .comment       0x0000000000000050       0x51 ./Drivers/STM32F4xx_HAL_Driver/Src/stm32f4xx_hal_cortex.o
 .comment       0x0000000000000050       0x51 ./Drivers/STM32F4xx_HAL_Driver/Src/stm32f4xx_hal_dma.o
 .comment       0x0000000000000050       0x51 ./Drivers/STM32F4xx_HAL_Driver/Src/stm32f4xx_hal_dma2d.o
 .comment       0x0000000000000050       0x51 ./Drivers/STM32F4xx_HAL_Driver/Src/stm32f4xx_hal_gpio.o
 .comment       0x0000000000000050       0x51 ./Drivers/STM32F4xx_HAL_Driver/Src/stm32f4xx_hal_i2c.o
 .comment       0x0000000000000050       0x51 ./Drivers/STM32F4xx_HAL_Driver/Src/stm32f4xx_hal_i2c_ex.o
 .comment       0x0000000000000050       0x51 ./Drivers/STM32F4xx_HAL_Driver/Src/stm32f4xx_hal_ltdc.o
 .comment       0x0000000000000050       0x51 ./Drivers/STM32F4xx_HAL_Driver/Src/stm32f4xx_hal_pwr_ex.o
 .comment       0x0000000000000050       0x51 ./Drivers/STM32F4xx_HAL_Driver/Src/stm32f4xx_hal_rcc.o
 .comment       0x0000000000000050       0x51 ./Drivers/STM32F4xx_HAL_Driver/Src/stm32f4xx_hal_rcc_ex.o
 .comment       0x0000000000000050       0x51 ./Drivers/STM32F4xx_HAL_Driver/Src/stm32f4xx_hal_sdram.o
 .comment       0x0000000000000050       0x51 ./Drivers/STM32F4xx_HAL_Driver/Src/stm32f4xx_hal_spi.o
 .comment       0x0000000000000050       0x51 ./Drivers/STM32F4xx_HAL_Driver/Src/stm32f4xx_hal_uart.o
 .comment       0x0000000000000050       0x51 ./Drivers/STM32F4xx_HAL_Driver/Src/stm32f4xx_ll_fmc.o

.debug_frame    0x0000000000000000     0x5b84
 .debug_frame   0x0000000000000000      0x194 ./Core/Src/main.o
 .debug_frame   0x0000000000000194      0x274 ./Core/Src/stm32f4xx_hal_msp.o
 .debug_frame   0x0000000000000408      0x190 ./Core/Src/stm32f4xx_it.o
 .debug_frame   0x0000000000000598       0x58 ./Core/Src/system_stm32f4xx.o
 .debug_frame   0x00000000000005f0      0x12c ./Drivers/BSP/Components/ili9341/ili9341.o
 .debug_frame   0x000000000000071c      0x4ec ./Drivers/BSP/STM32F429I-Discovery/stm32f429i_discovery.o
 .debug_frame   0x0000000000000c08      0x658 ./Drivers/BSP/STM32F429I-Discovery/stm32f429i_discovery_lcd.o
 .debug_frame   0x0000000000001260      0x144 ./Drivers/BSP/STM32F429I-Discovery/stm32f429i_discovery_sdram.o
 .debug_frame   0x00000000000013a4      0x3b4 ./Drivers/STM32F4xx_HAL_Driver/Src/stm32f4xx_hal.o
 .debug_frame   0x0000000000001758      0x5a0 ./Drivers/STM32F4xx_HAL_Driver/Src/stm32f4xx_hal_can.o
 .debug_frame   0x0000000000001cf8      0x498 ./Drivers/STM32F4xx_HAL_Driver/Src/stm32f4xx_hal_cortex.o
 .debug_frame   0x0000000000002190      0x250 ./Drivers/STM32F4xx_HAL_Driver/Src/stm32f4xx_hal_dma.o
 .debug_frame   0x00000000000023e0      0x4e0 ./Drivers/STM32F4xx_HAL_Driver/Src/stm32f4xx_hal_dma2d.o
 .debug_frame   0x00000000000028c0      0x14c ./Drivers/STM32F4xx_HAL_Driver/Src/stm32f4xx_hal_gpio.o
 .debug_frame   0x0000000000002a0c      0xc5c ./Drivers/STM32F4xx_HAL_Driver/Src/stm32f4xx_hal_i2c.o
 .debug_frame   0x0000000000003668       0x60 ./Drivers/STM32F4xx_HAL_Driver/Src/stm32f4xx_hal_i2c_ex.o
 .debug_frame   0x00000000000036c8      0x61c ./Drivers/STM32F4xx_HAL_Driver/Src/stm32f4xx_hal_ltdc.o
 .debug_frame   0x0000000000003ce4      0x14c ./Drivers/STM32F4xx_HAL_Driver/Src/stm32f4xx_hal_pwr_ex.o
 .debug_frame   0x0000000000003e30      0x1f4 ./Drivers/STM32F4xx_HAL_Driver/Src/stm32f4xx_hal_rcc.o
 .debug_frame   0x0000000000004024      0x13c ./Drivers/STM32F4xx_HAL_Driver/Src/stm32f4xx_hal_rcc_ex.o
 .debug_frame   0x0000000000004160      0x3e8 ./Drivers/STM32F4xx_HAL_Driver/Src/stm32f4xx_hal_sdram.o
 .debug_frame   0x0000000000004548      0x824 ./Drivers/STM32F4xx_HAL_Driver/Src/stm32f4xx_hal_spi.o
 .debug_frame   0x0000000000004d6c      0x92c ./Drivers/STM32F4xx_HAL_Driver/Src/stm32f4xx_hal_uart.o
 .debug_frame   0x0000000000005698      0x440 ./Drivers/STM32F4xx_HAL_Driver/Src/stm32f4xx_ll_fmc.o
 .debug_frame   0x0000000000005ad8       0x2c c:/st/stm32cubeide_1.12.1/stm32cubeide/plugins/com.st.stm32cube.ide.mcu.externaltools.gnu-tools-for-stm32.10.3-2021.10.win32_1.0.200.202301161003/tools/bin/../lib/gcc/arm-none-eabi/10.3.1/../../../../arm-none-eabi/lib/thumb/v7e-m+fp/hard\libc_nano.a(lib_a-init.o)
 .debug_frame   0x0000000000005b04       0x20 c:/st/stm32cubeide_1.12.1/stm32cubeide/plugins/com.st.stm32cube.ide.mcu.externaltools.gnu-tools-for-stm32.10.3-2021.10.win32_1.0.200.202301161003/tools/bin/../lib/gcc/arm-none-eabi/10.3.1/../../../../arm-none-eabi/lib/thumb/v7e-m+fp/hard\libc_nano.a(lib_a-memset.o)
 .debug_frame   0x0000000000005b24       0x2c c:/st/stm32cubeide_1.12.1/stm32cubeide/plugins/com.st.stm32cube.ide.mcu.externaltools.gnu-tools-for-stm32.10.3-2021.10.win32_1.0.200.202301161003/tools/bin/../lib/gcc/arm-none-eabi/10.3.1/thumb/v7e-m+fp/hard\libgcc.a(_aeabi_uldivmod.o)
 .debug_frame   0x0000000000005b50       0x34 c:/st/stm32cubeide_1.12.1/stm32cubeide/plugins/com.st.stm32cube.ide.mcu.externaltools.gnu-tools-for-stm32.10.3-2021.10.win32_1.0.200.202301161003/tools/bin/../lib/gcc/arm-none-eabi/10.3.1/thumb/v7e-m+fp/hard\libgcc.a(_udivmoddi4.o)