../Drivers/BSP/Components/lsm303dlhc/lsm303dlhc.c:112:6:LSM303DLHC_AccInit	24	static
../Drivers/BSP/Components/lsm303dlhc/lsm303dlhc.c:133:9:LSM303DLHC_AccReadID	16	static
../Drivers/BSP/Components/lsm303dlhc/lsm303dlhc.c:151:6:LSM303DLHC_AccRebootCmd	16	static
../Drivers/BSP/Components/lsm303dlhc/lsm303dlhc.c:170:6:LSM303DLHC_AccFilterConfig	24	static
../Drivers/BSP/Components/lsm303dlhc/lsm303dlhc.c:192:6:LSM303DLHC_AccFilterCmd	24	static
../Drivers/BSP/Components/lsm303dlhc/lsm303dlhc.c:212:6:LSM303DLHC_AccReadXYZ	40	static
../Drivers/BSP/Components/lsm303dlhc/lsm303dlhc.c:281:6:LSM303DLHC_AccFilterClickCmd	24	static
../Drivers/BSP/Components/lsm303dlhc/lsm303dlhc.c:309:6:LSM303DLHC_AccIT1Enable	24	static
../Drivers/BSP/Components/lsm303dlhc/lsm303dlhc.c:336:6:LSM303DLHC_AccIT1Disable	24	static
../Drivers/BSP/Components/lsm303dlhc/lsm303dlhc.c:362:6:LSM303DLHC_AccIT2Enable	24	static
../Drivers/BSP/Components/lsm303dlhc/lsm303dlhc.c:388:6:LSM303DLHC_AccIT2Disable	24	static
../Drivers/BSP/Components/lsm303dlhc/lsm303dlhc.c:408:6:LSM303DLHC_AccINT1InterruptEnable	24	static
../Drivers/BSP/Components/lsm303dlhc/lsm303dlhc.c:428:6:LSM303DLHC_AccINT1InterruptDisable	24	static
../Drivers/BSP/Components/lsm303dlhc/lsm303dlhc.c:448:6:LSM303DLHC_AccINT2InterruptEnable	24	static
../Drivers/BSP/Components/lsm303dlhc/lsm303dlhc.c:468:6:LSM303DLHC_AccINT2InterruptDisable	24	static
../Drivers/BSP/Components/lsm303dlhc/lsm303dlhc.c:487:6:LSM303DLHC_AccClickITEnable	24	static
../Drivers/BSP/Components/lsm303dlhc/lsm303dlhc.c:521:6:LSM303DLHC_AccClickITDisable	24	static
../Drivers/BSP/Components/lsm303dlhc/lsm303dlhc.c:540:6:LSM303DLHC_AccZClickITConfig	8	static
