../Core/Src/main.c:90:6:HAL_CAN_RxFifo0MsgPendingCallback	16	static
../Core/Src/main.c:101:5:main	16	static
../Core/Src/main.c:185:6:SystemClock_Config	88	static
../Core/Src/main.c:238:13:MX_CAN2_Init	48	static
../Core/Src/main.c:288:13:MX_DMA2D_Init	8	static
../Core/Src/main.c:325:13:MX_I2C3_Init	8	static
../Core/Src/main.c:373:13:MX_LTDC_Init	112	static
../Core/Src/main.c:455:13:MX_SPI5_Init	8	static
../Core/Src/main.c:493:13:MX_USART1_UART_Init	8	static
../Core/Src/main.c:522:13:MX_FMC_Init	40	static
../Core/Src/main.c:573:13:MX_GPIO_Init	40	static
../Core/Src/main.c:600:6:Error_Handler	4	static,ignoring_inline_asm
