../Drivers/BSP/STM32F429I-Discovery/stm32f429i_discovery_io.c:109:9:BSP_IO_Init	16	static
../Drivers/BSP/STM32F429I-Discovery/stm32f429i_discovery_io.c:135:9:BSP_IO_ITGetStatus	16	static
../Drivers/BSP/STM32F429I-Discovery/stm32f429i_discovery_io.c:146:6:BSP_IO_ITClear	8	static
../Drivers/BSP/STM32F429I-Discovery/stm32f429i_discovery_io.c:166:6:BSP_IO_ConfigPin	16	static
../Drivers/BSP/STM32F429I-Discovery/stm32f429i_discovery_io.c:179:6:BSP_IO_WritePin	16	static
../Drivers/BSP/STM32F429I-Discovery/stm32f429i_discovery_io.c:191:10:BSP_IO_ReadPin	16	static
../Drivers/BSP/STM32F429I-Discovery/stm32f429i_discovery_io.c:202:6:BSP_IO_TogglePin	16	static
