../Drivers/BSP/STM32F429I-Discovery/stm32f429i_discovery_lcd.c:157:9:BSP_LCD_Init	8	static
../Drivers/BSP/STM32F429I-Discovery/stm32f429i_discovery_lcd.c:241:10:BSP_LCD_GetXSize	8	static
../Drivers/BSP/STM32F429I-Discovery/stm32f429i_discovery_lcd.c:251:10:BSP_LCD_GetYSize	8	static
../Drivers/BSP/STM32F429I-Discovery/stm32f429i_discovery_lcd.c:262:6:BSP_LCD_LayerDefaultInit	72	static
../Drivers/BSP/STM32F429I-Discovery/stm32f429i_discovery_lcd.c:298:6:BSP_LCD_SelectLayer	16	static
../Drivers/BSP/STM32F429I-Discovery/stm32f429i_discovery_lcd.c:310:6:BSP_LCD_SetLayerVisible	16	static
../Drivers/BSP/STM32F429I-Discovery/stm32f429i_discovery_lcd.c:330:6:BSP_LCD_SetTransparency	16	static
../Drivers/BSP/STM32F429I-Discovery/stm32f429i_discovery_lcd.c:341:6:BSP_LCD_SetLayerAddress	16	static
../Drivers/BSP/STM32F429I-Discovery/stm32f429i_discovery_lcd.c:355:6:BSP_LCD_SetLayerWindow	24	static
../Drivers/BSP/STM32F429I-Discovery/stm32f429i_discovery_lcd.c:370:6:BSP_LCD_SetColorKeying	16	static
../Drivers/BSP/STM32F429I-Discovery/stm32f429i_discovery_lcd.c:382:6:BSP_LCD_ResetColorKeying	16	static
../Drivers/BSP/STM32F429I-Discovery/stm32f429i_discovery_lcd.c:393:10:BSP_LCD_GetTextColor	4	static
../Drivers/BSP/STM32F429I-Discovery/stm32f429i_discovery_lcd.c:403:10:BSP_LCD_GetBackColor	4	static
../Drivers/BSP/STM32F429I-Discovery/stm32f429i_discovery_lcd.c:413:6:BSP_LCD_SetTextColor	16	static
../Drivers/BSP/STM32F429I-Discovery/stm32f429i_discovery_lcd.c:423:6:BSP_LCD_SetBackColor	16	static
../Drivers/BSP/STM32F429I-Discovery/stm32f429i_discovery_lcd.c:433:6:BSP_LCD_SetFont	16	static
../Drivers/BSP/STM32F429I-Discovery/stm32f429i_discovery_lcd.c:443:8:BSP_LCD_GetFont	4	static
../Drivers/BSP/STM32F429I-Discovery/stm32f429i_discovery_lcd.c:454:10:BSP_LCD_ReadPixel	32	static
../Drivers/BSP/STM32F429I-Discovery/stm32f429i_discovery_lcd.c:489:6:BSP_LCD_Clear	40	static
../Drivers/BSP/STM32F429I-Discovery/stm32f429i_discovery_lcd.c:500:6:BSP_LCD_ClearStringLine	32	static
../Drivers/BSP/STM32F429I-Discovery/stm32f429i_discovery_lcd.c:519:6:BSP_LCD_DisplayChar	24	static
../Drivers/BSP/STM32F429I-Discovery/stm32f429i_discovery_lcd.c:537:6:BSP_LCD_DisplayStringAt	48	static
../Drivers/BSP/STM32F429I-Discovery/stm32f429i_discovery_lcd.c:592:6:BSP_LCD_DisplayStringAtLine	16	static
../Drivers/BSP/STM32F429I-Discovery/stm32f429i_discovery_lcd.c:604:6:BSP_LCD_DrawHLine	40	static
../Drivers/BSP/STM32F429I-Discovery/stm32f429i_discovery_lcd.c:622:6:BSP_LCD_DrawVLine	48	static
../Drivers/BSP/STM32F429I-Discovery/stm32f429i_discovery_lcd.c:641:6:BSP_LCD_DrawLine	56	static
../Drivers/BSP/STM32F429I-Discovery/stm32f429i_discovery_lcd.c:716:6:BSP_LCD_DrawRect	24	static
../Drivers/BSP/STM32F429I-Discovery/stm32f429i_discovery_lcd.c:734:6:BSP_LCD_DrawCircle	40	static
../Drivers/BSP/STM32F429I-Discovery/stm32f429i_discovery_lcd.c:774:6:BSP_LCD_DrawPolygon	32	static
../Drivers/BSP/STM32F429I-Discovery/stm32f429i_discovery_lcd.c:802:6:BSP_LCD_DrawEllipse	64	static
../Drivers/BSP/STM32F429I-Discovery/stm32f429i_discovery_lcd.c:835:6:BSP_LCD_DrawBitmap	56	static
../Drivers/BSP/STM32F429I-Discovery/stm32f429i_discovery_lcd.c:896:6:BSP_LCD_FillRect	48	static
../Drivers/BSP/STM32F429I-Discovery/stm32f429i_discovery_lcd.c:917:6:BSP_LCD_FillCircle	32	static
../Drivers/BSP/STM32F429I-Discovery/stm32f429i_discovery_lcd.c:969:6:BSP_LCD_FillTriangle	56	static
../Drivers/BSP/STM32F429I-Discovery/stm32f429i_discovery_lcd.c:1043:6:BSP_LCD_FillPolygon	64	static
../Drivers/BSP/STM32F429I-Discovery/stm32f429i_discovery_lcd.c:1112:6:BSP_LCD_FillEllipse	56	static
../Drivers/BSP/STM32F429I-Discovery/stm32f429i_discovery_lcd.c:1142:6:BSP_LCD_DisplayOn	8	static
../Drivers/BSP/STM32F429I-Discovery/stm32f429i_discovery_lcd.c:1155:6:BSP_LCD_DisplayOff	8	static
../Drivers/BSP/STM32F429I-Discovery/stm32f429i_discovery_lcd.c:1172:13:MspInit	64	static
../Drivers/BSP/STM32F429I-Discovery/stm32f429i_discovery_lcd.c:1257:6:BSP_LCD_DrawPixel	24	static
../Drivers/BSP/STM32F429I-Discovery/stm32f429i_discovery_lcd.c:1270:13:DrawChar	40	static
../Drivers/BSP/STM32F429I-Discovery/stm32f429i_discovery_lcd.c:1328:13:FillBuffer	32	static
../Drivers/BSP/STM32F429I-Discovery/stm32f429i_discovery_lcd.c:1360:13:ConvertLineToARGB8888	32	static
